Watching for file changes with StatReloader
[27/Aug/2026 15:40:53] "POST /api/v1/auth/login/ HTTP/1.1" 200 889
[27/Aug/2026 15:40:54] "GET /api/v1/reports/dashboard/ HTTP/1.1" 200 247
[27/Aug/2026 15:40:58] "GET /api/v1/orders HTTP/1.1" 301 0
[27/Aug/2026 15:40:58] "GET /api/v1/orders/ HTTP/1.1" 200 3595
[27/Aug/2026 15:41:01] "GET /api/v1/orders/seating/ HTTP/1.1" 200 574
[27/Aug/2026 15:41:06] "GET /api/v1/orders HTTP/1.1" 301 0
[27/Aug/2026 15:41:07] "GET /api/v1/orders/ HTTP/1.1" 200 3595
[27/Aug/2026 15:41:23] "GET /api/v1/reports/dashboard/ HTTP/1.1" 200 247
Bad Request: /api/v1/auth/register/
[27/Aug/2026 15:42:12] "POST /api/v1/auth/register/ HTTP/1.1" 400 219
Bad Request: /api/v1/auth/register/
[27/Aug/2026 15:42:12] "POST /api/v1/auth/register/ HTTP/1.1" 400 219
[27/Aug/2026 15:42:34] "GET /api/v1/kitchen HTTP/1.1" 301 0
[27/Aug/2026 15:42:34] "GET /api/v1/kitchen/ HTTP/1.1" 200 64
[27/Aug/2026 15:42:36] "GET /api/v1/menu/categories/ HTTP/1.1" 200 264
[27/Aug/2026 15:42:36] "GET /api/v1/delivery HTTP/1.1" 301 0
[27/Aug/2026 15:42:37] "GET /api/v1/delivery/ HTTP/1.1" 200 689
[27/Aug/2026 15:42:38] "GET /api/v1/reports/sales/?period=today HTTP/1.1" 200 313
[27/Aug/2026 15:42:39] "GET /api/v1/accounts/employees/ HTTP/1.1" 200 2738
[27/Aug/2026 15:42:51] "GET /api/v1/reports/dashboard/ HTTP/1.1" 200 247
[27/Aug/2026 15:42:54] "GET /api/v1/reports/dashboard/ HTTP/1.1" 200 247
Bad Request: /api/v1/auth/register/
[27/Aug/2026 15:42:58] "POST /api/v1/auth/register/ HTTP/1.1" 400 219
[27/Aug/2026 15:43:04] "GET /api/v1/kitchen HTTP/1.1" 301 0
[27/Aug/2026 15:43:04] "GET /api/v1/kitchen/ HTTP/1.1" 200 64
[27/Aug/2026 15:43:17] "GET /api/v1/reports/sales/?period=today HTTP/1.1" 200 313
[27/Aug/2026 15:43:28] "GET /api/v1/reports/sales/?period=yesterday HTTP/1.1" 200 856
[27/Aug/2026 15:43:28] "GET /api/v1/reports/sales/?period=7 HTTP/1.1" 200 3128
[27/Aug/2026 15:43:28] "GET /api/v1/reports/sales/?period=today HTTP/1.1" 200 313
[27/Aug/2026 15:43:30] "GET /api/v1/reports/sales/?period=7 HTTP/1.1" 200 3128
[27/Aug/2026 15:43:31] "GET /api/v1/reports/sales/?period=today HTTP/1.1" 200 313
[27/Aug/2026 15:43:32] "GET /api/v1/reports/sales/?period=7 HTTP/1.1" 200 3128
[27/Aug/2026 15:43:34] "GET /api/v1/kitchen HTTP/1.1" 301 0
[27/Aug/2026 15:43:34] "GET /api/v1/kitchen/ HTTP/1.1" 200 64
[27/Aug/2026 15:43:36] "GET /api/v1/reports/sales/?period=7 HTTP/1.1" 200 3128
[27/Aug/2026 15:43:39] "GET /api/v1/reports/sales/?period=today HTTP/1.1" 200 313
[27/Aug/2026 15:43:41] "GET /api/v1/reports/sales/?period=all HTTP/1.1" 200 2780
[27/Aug/2026 15:43:47] "GET /api/v1/reports/sales/?period=today HTTP/1.1" 200 313
[27/Aug/2026 15:45:21] "GET /api/v1/kitchen HTTP/1.1" 301 0
[27/Aug/2026 15:45:21] "GET /api/v1/kitchen/ HTTP/1.1" 200 64
[27/Aug/2026 15:45:22] "GET /api/v1/reports/sales/?period=today HTTP/1.1" 200 313
[27/Aug/2026 15:45:27] "GET /api/v1/orders/seating/ HTTP/1.1" 200 574
[27/Aug/2026 15:45:31] "GET /api/v1/menu/categories/ HTTP/1.1" 200 264
[27/Aug/2026 15:45:39] "GET /api/v1/reports/dashboard/ HTTP/1.1" 200 247
[27/Aug/2026 15:45:44] "GET /api/v1/accounts/employees/ HTTP/1.1" 200 2738
[27/Aug/2026 15:45:51] "GET /api/v1/kitchen HTTP/1.1" 301 0
[27/Aug/2026 15:45:51] "GET /api/v1/kitchen/ HTTP/1.1" 200 64
[27/Aug/2026 15:54:36] "GET /api/v1/orders HTTP/1.1" 301 0
[27/Aug/2026 15:54:36] "GET /api/v1/kitchen HTTP/1.1" 301 0
[27/Aug/2026 15:54:36] "GET /api/v1/menu/categories/ HTTP/1.1" 200 264
[27/Aug/2026 15:54:36] "GET /api/v1/orders/seating/ HTTP/1.1" 200 574
[27/Aug/2026 15:54:36] "GET /api/v1/reports/dashboard/ HTTP/1.1" 200 247
[27/Aug/2026 15:54:36] "GET /api/v1/delivery HTTP/1.1" 301 0
[27/Aug/2026 15:54:36] "GET /api/v1/kitchen/ HTTP/1.1" 200 64
[27/Aug/2026 15:54:36] "GET /api/v1/orders/ HTTP/1.1" 200 3595
[27/Aug/2026 15:54:36] "GET /api/v1/menu/categories/ HTTP/1.1" 200 264
[27/Aug/2026 15:54:36] "GET /api/v1/reports/sales/?period=today HTTP/1.1" 200 313
[27/Aug/2026 15:54:36] "GET /api/v1/accounts/employees/ HTTP/1.1" 200 2738
[27/Aug/2026 15:54:36] "GET /api/v1/delivery/ HTTP/1.1" 200 689
[27/Aug/2026 15:54:39] "GET /api/v1/reports/dashboard/ HTTP/1.1" 200 247
[27/Aug/2026 15:55:03] "GET /api/v1/auth/me/ HTTP/1.1" 200 251
[27/Aug/2026 15:55:05] "GET /api/v1/reports/dashboard/ HTTP/1.1" 200 247
[27/Aug/2026 15:55:08] "GET /api/v1/kitchen HTTP/1.1" 301 0
[27/Aug/2026 15:55:09] "GET /api/v1/kitchen/ HTTP/1.1" 200 64
[27/Aug/2026 15:55:10] "GET /api/v1/menu/categories/ HTTP/1.1" 200 264
[27/Aug/2026 15:55:11] "GET /api/v1/menu/categories/ HTTP/1.1" 200 264
[27/Aug/2026 15:55:12] "GET /api/v1/delivery HTTP/1.1" 301 0
[27/Aug/2026 15:55:12] "GET /api/v1/delivery/ HTTP/1.1" 200 689
[27/Aug/2026 15:55:19] "GET /api/v1/orders HTTP/1.1" 301 0
[27/Aug/2026 15:55:19] "GET /api/v1/orders/ HTTP/1.1" 200 3595
[27/Aug/2026 15:55:21] "GET /api/v1/reports/sales/?period=today HTTP/1.1" 200 313
[27/Aug/2026 15:55:22] "GET /api/v1/accounts/employees/ HTTP/1.1" 200 2738
[27/Aug/2026 15:55:38] "GET /api/v1/kitchen HTTP/1.1" 301 0
[27/Aug/2026 15:55:38] "GET /api/v1/kitchen/ HTTP/1.1" 200 64
[27/Aug/2026 15:56:08] "GET /api/v1/kitchen HTTP/1.1" 301 0
[27/Aug/2026 15:56:08] "GET /api/v1/kitchen/ HTTP/1.1" 200 64
[27/Aug/2026 15:56:38] "GET /api/v1/kitchen HTTP/1.1" 301 0
[27/Aug/2026 15:56:38] "GET /api/v1/kitchen/ HTTP/1.1" 200 64
[27/Aug/2026 15:57:08] "GET /api/v1/kitchen HTTP/1.1" 301 0
[27/Aug/2026 15:57:08] "GET /api/v1/kitchen/ HTTP/1.1" 200 64
[27/Aug/2026 15:57:38] "GET /api/v1/kitchen HTTP/1.1" 301 0
[27/Aug/2026 15:57:39] "GET /api/v1/kitchen/ HTTP/1.1" 200 64
[27/Aug/2026 15:58:08] "GET /api/v1/kitchen HTTP/1.1" 301 0
[27/Aug/2026 15:58:08] "GET /api/v1/kitchen/ HTTP/1.1" 200 64
[27/Aug/2026 15:58:18] "GET /api/v1/reports/dashboard/ HTTP/1.1" 200 247
[27/Aug/2026 15:58:26] "GET /api/v1/reports/dashboard/ HTTP/1.1" 200 247
[27/Aug/2026 15:58:38] "GET /api/v1/kitchen HTTP/1.1" 301 0
[27/Aug/2026 15:58:39] "GET /api/v1/kitchen/ HTTP/1.1" 200 64
[27/Aug/2026 15:58:40] "GET /api/v1/reports/dashboard/ HTTP/1.1" 200 247
[27/Aug/2026 15:59:08] "GET /api/v1/kitchen HTTP/1.1" 301 0
[27/Aug/2026 15:59:08] "GET /api/v1/kitchen/ HTTP/1.1" 200 64
Unauthorized: /api/v1/auth/me/
[27/Aug/2026 16:24:10] "GET /api/v1/auth/me/ HTTP/1.1" 401 252
[27/Aug/2026 16:24:10] "POST /api/v1/auth/refresh/ HTTP/1.1" 200 489
[27/Aug/2026 16:24:10] "GET /api/v1/auth/me/ HTTP/1.1" 200 251
Not Found: /ws/waiters/
[27/Aug/2026 16:24:11] "GET /ws/waiters/ HTTP/1.1" 404 3789
[27/Aug/2026 16:24:11] "GET /api/v1/reports/dashboard/ HTTP/1.1" 200 247
Not Found: /ws/waiters/
[27/Aug/2026 16:24:14] "GET /ws/waiters/ HTTP/1.1" 404 3789
Not Found: /ws/waiters/
[27/Aug/2026 16:24:17] "GET /ws/waiters/ HTTP/1.1" 404 3789
[27/Aug/2026 16:24:20] "GET /api/v1/orders HTTP/1.1" 301 0
[27/Aug/2026 16:24:20] "GET /api/v1/orders/ HTTP/1.1" 200 3595
Not Found: /ws/waiters/
[27/Aug/2026 16:24:21] "GET /ws/waiters/ HTTP/1.1" 404 3789
[27/Aug/2026 16:24:21] "GET /api/v1/menu/categories/ HTTP/1.1" 200 264
[27/Aug/2026 16:24:21] "GET /api/v1/menu/items/?category=2 HTTP/1.1" 200 301
[27/Aug/2026 16:24:21] "GET /api/v1/menu/items/?category=1 HTTP/1.1" 200 457
Not Found: /ws/waiters/
[27/Aug/2026 16:24:24] "GET /ws/waiters/ HTTP/1.1" 404 3789
[27/Aug/2026 16:24:25] "GET /api/v1/orders?status=OPEN HTTP/1.1" 301 0
[27/Aug/2026 16:24:25] "GET /api/v1/orders/?status=OPEN HTTP/1.1" 200 52
[27/Aug/2026 16:24:27] "GET /api/v1/orders HTTP/1.1" 301 0
Not Found: /ws/waiters/
[27/Aug/2026 16:24:27] "GET /ws/waiters/ HTTP/1.1" 404 3789
[27/Aug/2026 16:24:27] "GET /api/v1/orders/ HTTP/1.1" 200 3595
Not Found: /ws/waiters/
[27/Aug/2026 16:24:30] "GET /ws/waiters/ HTTP/1.1" 404 3789
[27/Aug/2026 16:24:31] "GET /api/v1/reports/sales/?period=today HTTP/1.1" 200 313
Not Found: /ws/waiters/
[27/Aug/2026 16:24:33] "GET /ws/waiters/ HTTP/1.1" 404 3789
[27/Aug/2026 16:24:33] "GET /api/v1/reports/sales/?period=yesterday HTTP/1.1" 200 856
[27/Aug/2026 16:24:34] "GET /api/v1/reports/sales/?period=today HTTP/1.1" 200 313
[27/Aug/2026 16:24:35] "GET /api/v1/reports/sales/?period=yesterday HTTP/1.1" 200 856
[27/Aug/2026 16:24:35] "GET /api/v1/reports/sales/?period=7 HTTP/1.1" 200 3128
Not Found: /ws/waiters/
[27/Aug/2026 16:24:36] "GET /ws/waiters/ HTTP/1.1" 404 3789
[27/Aug/2026 16:24:36] "GET /api/v1/reports/sales/?period=today HTTP/1.1" 200 313
Not Found: /ws/waiters/
[27/Aug/2026 16:24:39] "GET /ws/waiters/ HTTP/1.1" 404 3789
Not Found: /ws/waiters/
[27/Aug/2026 16:24:42] "GET /ws/waiters/ HTTP/1.1" 404 3789
Not Found: /ws/waiters/
[27/Aug/2026 16:24:46] "GET /ws/waiters/ HTTP/1.1" 404 3789
Not Found: /ws/waiters/
[27/Aug/2026 16:24:49] "GET /ws/waiters/ HTTP/1.1" 404 3789
Not Found: /ws/waiters/
[27/Aug/2026 16:24:52] "GET /ws/waiters/ HTTP/1.1" 404 3789
Not Found: /ws/waiters/
[27/Aug/2026 16:24:55] "GET /ws/waiters/ HTTP/1.1" 404 3789
[27/Aug/2026 16:24:58] "GET /api/v1/reports/dashboard/ HTTP/1.1" 200 247
Not Found: /ws/waiters/
[27/Aug/2026 16:24:58] "GET /ws/waiters/ HTTP/1.1" 404 3789
Not Found: /ws/waiters/
[27/Aug/2026 16:25:01] "GET /ws/waiters/ HTTP/1.1" 404 3789
Not Found: /ws/waiters/
[27/Aug/2026 16:25:04] "GET /ws/waiters/ HTTP/1.1" 404 3789
Not Found: /ws/waiters/
[27/Aug/2026 16:25:07] "GET /ws/waiters/ HTTP/1.1" 404 3789
Not Found: /ws/waiters/
[27/Aug/2026 16:25:10] "GET /ws/waiters/ HTTP/1.1" 404 3789
Not Found: /ws/waiters/
[27/Aug/2026 16:25:13] "GET /ws/waiters/ HTTP/1.1" 404 3789
[27/Aug/2026 16:25:14] "GET /api/v1/accounts/employees/ HTTP/1.1" 200 2738
Not Found: /ws/waiters/
[27/Aug/2026 16:25:16] "GET /ws/waiters/ HTTP/1.1" 404 3789
Not Found: /ws/waiters/
[27/Aug/2026 16:25:20] "GET /ws/waiters/ HTTP/1.1" 404 3789
Not Found: /ws/waiters/
[27/Aug/2026 16:25:23] "GET /ws/waiters/ HTTP/1.1" 404 3789
Not Found: /ws/waiters/
[27/Aug/2026 16:25:26] "GET /ws/waiters/ HTTP/1.1" 404 3789
[27/Aug/2026 16:25:26] "GET /api/v1/orders/seating/ HTTP/1.1" 200 574
[27/Aug/2026 16:25:28] "GET /api/v1/menu/categories/ HTTP/1.1" 200 264
Not Found: /ws/waiters/
[27/Aug/2026 16:25:29] "GET /ws/waiters/ HTTP/1.1" 404 3789
Not Found: /ws/waiters/
[27/Aug/2026 16:25:32] "GET /ws/waiters/ HTTP/1.1" 404 3789
Not Found: /ws/waiters/
[27/Aug/2026 16:25:35] "GET /ws/waiters/ HTTP/1.1" 404 3789
[27/Aug/2026 16:25:35] "GET /api/v1/orders/seating/ HTTP/1.1" 200 574
[27/Aug/2026 16:25:36] "GET /api/v1/menu/categories/ HTTP/1.1" 200 264
Not Found: /ws/waiters/
[27/Aug/2026 16:25:38] "GET /ws/waiters/ HTTP/1.1" 404 3789
Not Found: /ws/waiters/
[27/Aug/2026 16:25:41] "GET /ws/waiters/ HTTP/1.1" 404 3789
Not Found: /ws/waiters/
[27/Aug/2026 16:25:44] "GET /ws/waiters/ HTTP/1.1" 404 3789
Not Found: /ws/waiters/
[27/Aug/2026 16:25:47] "GET /ws/waiters/ HTTP/1.1" 404 3789
Not Found: /ws/waiters/
[27/Aug/2026 16:25:51] "GET /ws/waiters/ HTTP/1.1" 404 3789
Not Found: /ws/waiters/
[27/Aug/2026 16:25:54] "GET /ws/waiters/ HTTP/1.1" 404 3789
Not Found: /ws/waiters/
[27/Aug/2026 16:25:57] "GET /ws/waiters/ HTTP/1.1" 404 3789
Not Found: /ws/waiters/
[27/Aug/2026 16:26:00] "GET /ws/waiters/ HTTP/1.1" 404 3789
Not Found: /ws/waiters/
[27/Aug/2026 16:26:04] "GET /ws/waiters/ HTTP/1.1" 404 3789
Not Found: /ws/waiters/
[27/Aug/2026 16:26:07] "GET /ws/waiters/ HTTP/1.1" 404 3789
Not Found: /ws/waiters/
[27/Aug/2026 16:26:10] "GET /ws/waiters/ HTTP/1.1" 404 3789
Not Found: /ws/waiters/
[27/Aug/2026 16:26:13] "GET /ws/waiters/ HTTP/1.1" 404 3789
Not Found: /ws/waiters/
[27/Aug/2026 16:26:17] "GET /ws/waiters/ HTTP/1.1" 404 3789
Not Found: /ws/waiters/
[27/Aug/2026 16:26:20] "GET /ws/waiters/ HTTP/1.1" 404 3789
Not Found: /ws/waiters/
[27/Aug/2026 16:26:23] "GET /ws/waiters/ HTTP/1.1" 404 3789
Not Found: /ws/waiters/
[27/Aug/2026 16:26:26] "GET /ws/waiters/ HTTP/1.1" 404 3789
Not Found: /ws/waiters/
[27/Aug/2026 16:26:29] "GET /ws/waiters/ HTTP/1.1" 404 3789
Not Found: /ws/waiters/
[27/Aug/2026 16:26:32] "GET /ws/waiters/ HTTP/1.1" 404 3789
Not Found: /ws/waiters/
[27/Aug/2026 16:26:35] "GET /ws/waiters/ HTTP/1.1" 404 3789
Not Found: /ws/waiters/
[27/Aug/2026 16:26:39] "GET /ws/waiters/ HTTP/1.1" 404 3789
Not Found: /ws/waiters/
[27/Aug/2026 16:26:42] "GET /ws/waiters/ HTTP/1.1" 404 3789
Not Found: /ws/waiters/
[27/Aug/2026 16:26:45] "GET /ws/waiters/ HTTP/1.1" 404 3789
Not Found: /ws/waiters/
[27/Aug/2026 16:26:48] "GET /ws/waiters/ HTTP/1.1" 404 3789
[27/Aug/2026 16:26:49] "GET /api/v1/delivery HTTP/1.1" 301 0
[27/Aug/2026 16:26:49] "GET /api/v1/delivery/ HTTP/1.1" 200 689
Not Found: /ws/waiters/
[27/Aug/2026 16:26:51] "GET /ws/waiters/ HTTP/1.1" 404 3789
[27/Aug/2026 16:26:53] "GET /api/v1/delivery HTTP/1.1" 301 0
[27/Aug/2026 16:26:53] "GET /api/v1/delivery/ HTTP/1.1" 200 689
Not Found: /ws/waiters/
[27/Aug/2026 16:26:54] "GET /ws/waiters/ HTTP/1.1" 404 3789
Not Found: /ws/waiters/
[27/Aug/2026 16:26:57] "GET /ws/waiters/ HTTP/1.1" 404 3789
Not Found: /ws/waiters/
[27/Aug/2026 16:27:00] "GET /ws/waiters/ HTTP/1.1" 404 3789
Not Found: /ws/waiters/
[27/Aug/2026 16:27:03] "GET /ws/waiters/ HTTP/1.1" 404 3789
Not Found: /ws/waiters/
[27/Aug/2026 16:27:06] "GET /ws/waiters/ HTTP/1.1" 404 3789
Not Found: /ws/waiters/
[27/Aug/2026 16:27:09] "GET /ws/waiters/ HTTP/1.1" 404 3789
Not Found: /ws/waiters/
[27/Aug/2026 16:27:12] "GET /ws/waiters/ HTTP/1.1" 404 3789
[27/Aug/2026 16:27:13] "GET /api/v1/menu/categories/ HTTP/1.1" 200 264
Not Found: /ws/waiters/
[27/Aug/2026 16:27:15] "GET /ws/waiters/ HTTP/1.1" 404 3789
Not Found: /ws/waiters/
[27/Aug/2026 16:27:19] "GET /ws/waiters/ HTTP/1.1" 404 3789
[27/Aug/2026 16:27:20] "GET /api/v1/reports/dashboard/ HTTP/1.1" 200 247
Not Found: /ws/waiters/
[27/Aug/2026 16:27:22] "GET /ws/waiters/ HTTP/1.1" 404 3789
Not Found: /ws/waiters/
[27/Aug/2026 16:27:25] "GET /ws/waiters/ HTTP/1.1" 404 3789
[27/Aug/2026 16:27:26] "GET /api/v1/reports/sales/?period=today HTTP/1.1" 200 313
Not Found: /ws/waiters/
[27/Aug/2026 16:27:28] "GET /ws/waiters/ HTTP/1.1" 404 3789
[27/Aug/2026 16:27:29] "GET /api/v1/reports/sales/?period=all HTTP/1.1" 200 2780
Not Found: /ws/waiters/
[27/Aug/2026 16:27:31] "GET /ws/waiters/ HTTP/1.1" 404 3789
Not Found: /ws/waiters/
[27/Aug/2026 16:27:34] "GET /ws/waiters/ HTTP/1.1" 404 3789
Not Found: /ws/waiters/
[27/Aug/2026 16:27:37] "GET /ws/waiters/ HTTP/1.1" 404 3789
Not Found: /ws/waiters/
[27/Aug/2026 16:27:40] "GET /ws/waiters/ HTTP/1.1" 404 3789
Not Found: /ws/waiters/
[27/Aug/2026 16:27:43] "GET /ws/waiters/ HTTP/1.1" 404 3789
Not Found: /ws/waiters/
[27/Aug/2026 16:27:46] "GET /ws/waiters/ HTTP/1.1" 404 3789
Not Found: /ws/waiters/
[27/Aug/2026 16:27:49] "GET /ws/waiters/ HTTP/1.1" 404 3789
Not Found: /ws/waiters/
[27/Aug/2026 16:27:52] "GET /ws/waiters/ HTTP/1.1" 404 3789
Not Found: /ws/waiters/
[27/Aug/2026 16:27:56] "GET /ws/waiters/ HTTP/1.1" 404 3789
Not Found: /ws/waiters/
[27/Aug/2026 16:27:59] "GET /ws/waiters/ HTTP/1.1" 404 3789
Not Found: /ws/waiters/
[27/Aug/2026 16:28:02] "GET /ws/waiters/ HTTP/1.1" 404 3789
Not Found: /ws/waiters/
[27/Aug/2026 16:28:05] "GET /ws/waiters/ HTTP/1.1" 404 3789
Not Found: /ws/waiters/
[27/Aug/2026 16:28:08] "GET /ws/waiters/ HTTP/1.1" 404 3789
Not Found: /ws/waiters/
[27/Aug/2026 16:28:11] "GET /ws/waiters/ HTTP/1.1" 404 3789
Not Found: /ws/waiters/
[27/Aug/2026 16:28:14] "GET /ws/waiters/ HTTP/1.1" 404 3789
Not Found: /ws/waiters/
[27/Aug/2026 16:28:17] "GET /ws/waiters/ HTTP/1.1" 404 3789
Not Found: /ws/waiters/
[27/Aug/2026 16:28:20] "GET /ws/waiters/ HTTP/1.1" 404 3789
Not Found: /ws/waiters/
[27/Aug/2026 16:28:23] "GET /ws/waiters/ HTTP/1.1" 404 3789
Not Found: /ws/waiters/
[27/Aug/2026 16:28:28] "GET /ws/waiters/ HTTP/1.1" 404 3789
Not Found: /ws/waiters/
[27/Aug/2026 16:28:31] "GET /ws/waiters/ HTTP/1.1" 404 3789
Not Found: /ws/waiters/
[27/Aug/2026 16:28:34] "GET /ws/waiters/ HTTP/1.1" 404 3789
Not Found: /ws/waiters/
[27/Aug/2026 16:28:37] "GET /ws/waiters/ HTTP/1.1" 404 3789
Not Found: /ws/waiters/
[27/Aug/2026 16:28:40] "GET /ws/waiters/ HTTP/1.1" 404 3789
Not Found: /ws/waiters/
[27/Aug/2026 16:28:43] "GET /ws/waiters/ HTTP/1.1" 404 3789
Not Found: /ws/waiters/
[27/Aug/2026 16:28:46] "GET /ws/waiters/ HTTP/1.1" 404 3789
Not Found: /ws/waiters/
[27/Aug/2026 16:28:49] "GET /ws/waiters/ HTTP/1.1" 404 3789
Not Found: /ws/waiters/
[27/Aug/2026 16:28:53] "GET /ws/waiters/ HTTP/1.1" 404 3789
Not Found: /ws/waiters/
[27/Aug/2026 16:28:56] "GET /ws/waiters/ HTTP/1.1" 404 3789
Not Found: /ws/waiters/
[27/Aug/2026 16:28:59] "GET /ws/waiters/ HTTP/1.1" 404 3789
Not Found: /ws/waiters/
[27/Aug/2026 16:29:02] "GET /ws/waiters/ HTTP/1.1" 404 3789
Not Found: /ws/waiters/
[27/Aug/2026 16:29:05] "GET /ws/waiters/ HTTP/1.1" 404 3789
Not Found: /ws/waiters/
[27/Aug/2026 16:29:08] "GET /ws/waiters/ HTTP/1.1" 404 3789
Not Found: /ws/waiters/
[27/Aug/2026 16:29:11] "GET /ws/waiters/ HTTP/1.1" 404 3789
Not Found: /ws/waiters/
[27/Aug/2026 16:29:14] "GET /ws/waiters/ HTTP/1.1" 404 3789
Not Found: /ws/waiters/
[27/Aug/2026 16:29:17] "GET /ws/waiters/ HTTP/1.1" 404 3789
Not Found: /ws/waiters/
[27/Aug/2026 16:29:20] "GET /ws/waiters/ HTTP/1.1" 404 3789
Not Found: /ws/waiters/
[27/Aug/2026 16:29:23] "GET /ws/waiters/ HTTP/1.1" 404 3789
Not Found: /ws/waiters/
[27/Aug/2026 16:29:27] "GET /ws/waiters/ HTTP/1.1" 404 3789
Not Found: /ws/waiters/
[27/Aug/2026 16:29:30] "GET /ws/waiters/ HTTP/1.1" 404 3789
Not Found: /ws/waiters/
[27/Aug/2026 16:29:33] "GET /ws/waiters/ HTTP/1.1" 404 3789
Not Found: /ws/waiters/
[27/Aug/2026 16:29:36] "GET /ws/waiters/ HTTP/1.1" 404 3789
Not Found: /ws/waiters/
[27/Aug/2026 16:29:39] "GET /ws/waiters/ HTTP/1.1" 404 3789
Not Found: /ws/waiters/
[27/Aug/2026 16:29:42] "GET /ws/waiters/ HTTP/1.1" 404 3789
Not Found: /ws/waiters/
[27/Aug/2026 16:29:45] "GET /ws/waiters/ HTTP/1.1" 404 3789
[27/Aug/2026 16:29:46] "GET /api/v1/reports/dashboard/ HTTP/1.1" 200 247
Not Found: /ws/waiters/
[27/Aug/2026 16:29:48] "GET /ws/waiters/ HTTP/1.1" 404 3789
Not Found: /ws/waiters/
[27/Aug/2026 16:29:51] "GET /ws/waiters/ HTTP/1.1" 404 3789
Not Found: /ws/waiters/
[27/Aug/2026 16:29:54] "GET /ws/waiters/ HTTP/1.1" 404 3789
Not Found: /ws/waiters/
[27/Aug/2026 16:29:57] "GET /ws/waiters/ HTTP/1.1" 404 3789
[27/Aug/2026 16:29:59] "POST /api/v1/auth/logout/ HTTP/1.1" 200 65
[27/Aug/2026 16:30:47] "POST /api/v1/auth/register/ HTTP/1.1" 201 881
Not Found: /ws/waiters/
[27/Aug/2026 16:30:48] "GET /ws/waiters/ HTTP/1.1" 404 3789
Not Found: /ws/waiters/
[27/Aug/2026 16:30:51] "GET /ws/waiters/ HTTP/1.1" 404 3789
Forbidden: /api/v1/menu/categories/
[27/Aug/2026 16:30:51] "GET /api/v1/menu/categories/ HTTP/1.1" 403 153
Forbidden: /api/v1/menu/categories/
[27/Aug/2026 16:30:52] "GET /api/v1/menu/categories/ HTTP/1.1" 403 153
Forbidden: /api/v1/menu/categories/
[27/Aug/2026 16:30:53] "GET /api/v1/menu/categories/ HTTP/1.1" 403 153
Not Found: /ws/waiters/
[27/Aug/2026 16:30:54] "GET /ws/waiters/ HTTP/1.1" 404 3789
Not Found: /ws/waiters/
[27/Aug/2026 16:30:57] "GET /ws/waiters/ HTTP/1.1" 404 3789
Not Found: /ws/waiters/
[27/Aug/2026 16:31:00] "GET /ws/waiters/ HTTP/1.1" 404 3789
Not Found: /ws/waiters/
[27/Aug/2026 16:31:03] "GET /ws/waiters/ HTTP/1.1" 404 3789
Not Found: /ws/waiters/
[27/Aug/2026 16:31:06] "GET /ws/waiters/ HTTP/1.1" 404 3789
Not Found: /ws/waiters/
[27/Aug/2026 16:31:09] "GET /ws/waiters/ HTTP/1.1" 404 3789
[27/Aug/2026 16:31:11] "POST /api/v1/auth/logout/ HTTP/1.1" 200 65
[27/Aug/2026 16:31:18] "POST /api/v1/auth/login/ HTTP/1.1" 200 889
[27/Aug/2026 16:31:19] "GET /api/v1/reports/dashboard/ HTTP/1.1" 200 247
Not Found: /ws/waiters/
[27/Aug/2026 16:31:19] "GET /ws/waiters/ HTTP/1.1" 404 3789
Not Found: /ws/waiters/
[27/Aug/2026 16:31:22] "GET /ws/waiters/ HTTP/1.1" 404 3789
[27/Aug/2026 16:31:23] "GET /api/v1/orders HTTP/1.1" 301 0
[27/Aug/2026 16:31:23] "GET /api/v1/orders/ HTTP/1.1" 200 3595
Not Found: /ws/waiters/
[27/Aug/2026 16:31:25] "GET /ws/waiters/ HTTP/1.1" 404 3789
Not Found: /ws/waiters/
[27/Aug/2026 16:31:28] "GET /ws/waiters/ HTTP/1.1" 404 3789
[27/Aug/2026 16:31:30] "GET /api/v1/orders/seating/ HTTP/1.1" 200 574
Not Found: /ws/waiters/
[27/Aug/2026 16:31:31] "GET /api/v1/menu/categories/ HTTP/1.1" 200 264
[27/Aug/2026 16:31:31] "GET /ws/waiters/ HTTP/1.1" 404 3789
Not Found: /ws/waiters/
[27/Aug/2026 16:31:34] "GET /ws/waiters/ HTTP/1.1" 404 3789
Not Found: /ws/waiters/
[27/Aug/2026 16:31:37] "GET /ws/waiters/ HTTP/1.1" 404 3789
Not Found: /ws/waiters/
[27/Aug/2026 16:31:40] "GET /ws/waiters/ HTTP/1.1" 404 3789
Not Found: /ws/waiters/
[27/Aug/2026 16:31:43] "GET /ws/waiters/ HTTP/1.1" 404 3789
Not Found: /ws/waiters/
[27/Aug/2026 16:31:46] "GET /ws/waiters/ HTTP/1.1" 404 3789
Not Found: /ws/waiters/
[27/Aug/2026 16:31:50] "GET /ws/waiters/ HTTP/1.1" 404 3789
Not Found: /ws/waiters/
[27/Aug/2026 16:31:53] "GET /ws/waiters/ HTTP/1.1" 404 3789
Not Found: /ws/waiters/
[27/Aug/2026 16:31:57] "GET /ws/waiters/ HTTP/1.1" 404 3789
Not Found: /ws/waiters/
[27/Aug/2026 16:32:00] "GET /ws/waiters/ HTTP/1.1" 404 3789
Not Found: /ws/waiters/
[27/Aug/2026 16:32:03] "GET /ws/waiters/ HTTP/1.1" 404 3789
Not Found: /ws/waiters/
[27/Aug/2026 16:32:06] "GET /ws/waiters/ HTTP/1.1" 404 3789
Not Found: /ws/waiters/
[27/Aug/2026 16:32:10] "GET /ws/waiters/ HTTP/1.1" 404 3789
Not Found: /ws/waiters/
[27/Aug/2026 16:32:14] "GET /ws/waiters/ HTTP/1.1" 404 3789
[27/Aug/2026 16:32:15] "GET /api/v1/reports/dashboard/ HTTP/1.1" 200 247
Not Found: /ws/waiters/
[27/Aug/2026 16:32:18] "GET /ws/waiters/ HTTP/1.1" 404 3789
[27/Aug/2026 16:32:18] "GET /api/v1/menu/categories/ HTTP/1.1" 200 264
[27/Aug/2026 16:32:19] "GET /api/v1/menu/items/?category=2&available=true HTTP/1.1" 200 301
[27/Aug/2026 16:32:19] "GET /api/v1/menu/items/?category=1&available=true HTTP/1.1" 200 457
Not Found: /ws/waiters/
[27/Aug/2026 16:32:22] "GET /ws/waiters/ HTTP/1.1" 404 3789
Internal Server Error: /api/v1/orders
Traceback (most recent call last):
  File "E:\Djanog test\Restaurant Pos System\restaurantenv\Lib\site-packages\django\core\handlers\exception.py", line 56, in inner
    response = get_response(request)
  File "E:\Djanog test\Restaurant Pos System\restaurantenv\Lib\site-packages\django\utils\deprecation.py", line 443, in __call__
    response = self.process_response(request, response)
  File "E:\Djanog test\Restaurant Pos System\restaurantenv\Lib\site-packages\django\middleware\common.py", line 109, in process_response
    self.get_full_path_with_slash(request)
    ~~~~~~~~~~~~~~~~~~~~~~~~~~~~~^^^^^^^^^
  File "E:\Djanog test\Restaurant Pos System\restaurantenv\Lib\site-packages\django\middleware\common.py", line 87, in get_full_path_with_slash
    raise RuntimeError(
    ...<9 lines>...
    )
RuntimeError: You called this URL via POST, but the URL doesn't end in a slash and you have APPEND_SLASH set. Django can't redirect to the slash URL while maintaining POST data. Change your form to point to 192.168.100.104:8000/api/v1/orders/ (note the trailing slash), or set APPEND_SLASH=False in your Django settings.
[27/Aug/2026 16:32:24] "POST /api/v1/orders HTTP/1.1" 500 22828
Not Found: /ws/waiters/
[27/Aug/2026 16:32:25] "GET /ws/waiters/ HTTP/1.1" 404 3789
Not Found: /ws/waiters/
[27/Aug/2026 16:32:28] "GET /ws/waiters/ HTTP/1.1" 404 3789
Internal Server Error: /api/v1/orders
Traceback (most recent call last):
  File "E:\Djanog test\Restaurant Pos System\restaurantenv\Lib\site-packages\django\core\handlers\exception.py", line 56, in inner
    response = get_response(request)
  File "E:\Djanog test\Restaurant Pos System\restaurantenv\Lib\site-packages\django\utils\deprecation.py", line 443, in __call__
    response = self.process_response(request, response)
  File "E:\Djanog test\Restaurant Pos System\restaurantenv\Lib\site-packages\django\middleware\common.py", line 109, in process_response
    self.get_full_path_with_slash(request)
    ~~~~~~~~~~~~~~~~~~~~~~~~~~~~~^^^^^^^^^
  File "E:\Djanog test\Restaurant Pos System\restaurantenv\Lib\site-packages\django\middleware\common.py", line 87, in get_full_path_with_slash
    raise RuntimeError(
    ...<9 lines>...
    )
RuntimeError: You called this URL via POST, but the URL doesn't end in a slash and you have APPEND_SLASH set. Django can't redirect to the slash URL while maintaining POST data. Change your form to point to 192.168.100.104:8000/api/v1/orders/ (note the trailing slash), or set APPEND_SLASH=False in your Django settings.
[27/Aug/2026 16:32:28] "POST /api/v1/orders HTTP/1.1" 500 22828
Not Found: /ws/waiters/
[27/Aug/2026 16:32:31] "GET /ws/waiters/ HTTP/1.1" 404 3789
[27/Aug/2026 16:32:31] "GET /api/v1/reports/dashboard/ HTTP/1.1" 200 247
[27/Aug/2026 16:32:33] "GET /api/v1/reports/dashboard/ HTTP/1.1" 200 247
Not Found: /ws/waiters/
[27/Aug/2026 16:32:33] "GET /ws/waiters/ HTTP/1.1" 404 3789
[27/Aug/2026 16:32:33] "GET /api/v1/reports/dashboard/ HTTP/1.1" 200 247
Not Found: /ws/waiters/
[27/Aug/2026 16:32:35] "GET /ws/waiters/ HTTP/1.1" 404 3789
[27/Aug/2026 16:32:36] "GET /api/v1/reports/dashboard/ HTTP/1.1" 200 247
Not Found: /ws/waiters/
[27/Aug/2026 16:32:39] "GET /ws/waiters/ HTTP/1.1" 404 3789
[27/Aug/2026 16:32:39] "GET /api/v1/orders/seating/ HTTP/1.1" 200 574
[27/Aug/2026 16:32:40] "GET /api/v1/menu/categories/ HTTP/1.1" 200 264
[27/Aug/2026 16:32:40] "GET /api/v1/menu/items/?category=2&available=true HTTP/1.1" 200 301
[27/Aug/2026 16:32:40] "GET /api/v1/menu/items/?category=1&available=true HTTP/1.1" 200 457
Not Found: /ws/waiters/
[27/Aug/2026 16:32:42] "GET /ws/waiters/ HTTP/1.1" 404 3789
Internal Server Error: /api/v1/orders
Traceback (most recent call last):
  File "E:\Djanog test\Restaurant Pos System\restaurantenv\Lib\site-packages\django\core\handlers\exception.py", line 56, in inner
    response = get_response(request)
  File "E:\Djanog test\Restaurant Pos System\restaurantenv\Lib\site-packages\django\utils\deprecation.py", line 443, in __call__
    response = self.process_response(request, response)
  File "E:\Djanog test\Restaurant Pos System\restaurantenv\Lib\site-packages\django\middleware\common.py", line 109, in process_response
    self.get_full_path_with_slash(request)
    ~~~~~~~~~~~~~~~~~~~~~~~~~~~~~^^^^^^^^^
  File "E:\Djanog test\Restaurant Pos System\restaurantenv\Lib\site-packages\django\middleware\common.py", line 87, in get_full_path_with_slash
    raise RuntimeError(
    ...<9 lines>...
    )
RuntimeError: You called this URL via POST, but the URL doesn't end in a slash and you have APPEND_SLASH set. Django can't redirect to the slash URL while maintaining POST data. Change your form to point to 192.168.100.104:8000/api/v1/orders/ (note the trailing slash), or set APPEND_SLASH=False in your Django settings.
[27/Aug/2026 16:32:43] "POST /api/v1/orders HTTP/1.1" 500 22828
Not Found: /ws/waiters/
[27/Aug/2026 16:32:45] "GET /ws/waiters/ HTTP/1.1" 404 3789
[27/Aug/2026 16:32:47] "GET /api/v1/orders HTTP/1.1" 301 0
[27/Aug/2026 16:32:47] "GET /api/v1/orders/ HTTP/1.1" 200 3595
Not Found: /ws/waiters/
[27/Aug/2026 16:32:48] "GET /ws/waiters/ HTTP/1.1" 404 3789
Not Found: /ws/waiters/
[27/Aug/2026 16:32:51] "GET /ws/waiters/ HTTP/1.1" 404 3789
Not Found: /ws/waiters/
[27/Aug/2026 16:32:55] "GET /ws/waiters/ HTTP/1.1" 404 3789
[27/Aug/2026 16:32:55] "GET /api/v1/orders HTTP/1.1" 301 0
[27/Aug/2026 16:32:55] "GET /api/v1/orders/ HTTP/1.1" 200 3595
Not Found: /ws/waiters/
[27/Aug/2026 16:32:58] "GET /ws/waiters/ HTTP/1.1" 404 3789
[27/Aug/2026 16:33:00] "GET /api/v1/reports/dashboard/ HTTP/1.1" 200 247
Not Found: /ws/waiters/
[27/Aug/2026 16:33:01] "GET /ws/waiters/ HTTP/1.1" 404 3789
Not Found: /ws/waiters/
[27/Aug/2026 16:33:04] "GET /ws/waiters/ HTTP/1.1" 404 3789
Not Found: /ws/waiters/
[27/Aug/2026 16:33:07] "GET /ws/waiters/ HTTP/1.1" 404 3789
Not Found: /ws/waiters/
[27/Aug/2026 16:33:11] "GET /ws/waiters/ HTTP/1.1" 404 3789
Not Found: /ws/waiters/
[27/Aug/2026 16:33:14] "GET /ws/waiters/ HTTP/1.1" 404 3789
Not Found: /ws/waiters/
[27/Aug/2026 16:33:53] "GET /ws/waiters/ HTTP/1.1" 404 3789
Not Found: /ws/waiters/
[27/Aug/2026 16:33:56] "GET /ws/waiters/ HTTP/1.1" 404 3789
Not Found: /ws/waiters/
[27/Aug/2026 16:33:59] "GET /ws/waiters/ HTTP/1.1" 404 3789
Not Found: /ws/waiters/
[27/Aug/2026 16:34:02] "GET /ws/waiters/ HTTP/1.1" 404 3789
Not Found: /ws/waiters/
[27/Aug/2026 16:34:05] "GET /ws/waiters/ HTTP/1.1" 404 3789
Not Found: /ws/waiters/
[27/Aug/2026 16:34:08] "GET /ws/waiters/ HTTP/1.1" 404 3789
Not Found: /ws/waiters/
[27/Aug/2026 16:34:11] "GET /ws/waiters/ HTTP/1.1" 404 3789
Not Found: /ws/waiters/
[27/Aug/2026 16:34:14] "GET /ws/waiters/ HTTP/1.1" 404 3789
Not Found: /ws/waiters/
[27/Aug/2026 16:34:17] "GET /ws/waiters/ HTTP/1.1" 404 3789
Not Found: /ws/waiters/
[27/Aug/2026 16:34:20] "GET /ws/waiters/ HTTP/1.1" 404 3789
Not Found: /ws/waiters/
[27/Aug/2026 16:34:23] "GET /ws/waiters/ HTTP/1.1" 404 3789
Not Found: /ws/waiters/
[27/Aug/2026 16:34:27] "GET /ws/waiters/ HTTP/1.1" 404 3789
Not Found: /ws/waiters/
[27/Aug/2026 16:34:30] "GET /ws/waiters/ HTTP/1.1" 404 3789
Not Found: /ws/waiters/
[27/Aug/2026 16:34:33] "GET /ws/waiters/ HTTP/1.1" 404 3789
Not Found: /ws/waiters/
[27/Aug/2026 16:34:36] "GET /ws/waiters/ HTTP/1.1" 404 3789
Not Found: /ws/waiters/
[27/Aug/2026 16:34:39] "GET /ws/waiters/ HTTP/1.1" 404 3789
Not Found: /ws/waiters/
[27/Aug/2026 16:34:42] "GET /ws/waiters/ HTTP/1.1" 404 3789
Not Found: /ws/waiters/
[27/Aug/2026 16:34:45] "GET /ws/waiters/ HTTP/1.1" 404 3789
Not Found: /ws/waiters/
[27/Aug/2026 16:34:48] "GET /ws/waiters/ HTTP/1.1" 404 3789
Not Found: /ws/waiters/
[27/Aug/2026 16:34:51] "GET /ws/waiters/ HTTP/1.1" 404 3789
Not Found: /ws/waiters/
[27/Aug/2026 16:34:54] "GET /ws/waiters/ HTTP/1.1" 404 3789
Not Found: /ws/waiters/
[27/Aug/2026 16:34:57] "GET /ws/waiters/ HTTP/1.1" 404 3789
Not Found: /ws/waiters/
[27/Aug/2026 16:35:00] "GET /ws/waiters/ HTTP/1.1" 404 3789
Not Found: /ws/waiters/
[27/Aug/2026 16:35:03] "GET /ws/waiters/ HTTP/1.1" 404 3789
Not Found: /ws/waiters/
[27/Aug/2026 16:35:07] "GET /ws/waiters/ HTTP/1.1" 404 3789
Not Found: /ws/waiters/
[27/Aug/2026 16:35:10] "GET /ws/waiters/ HTTP/1.1" 404 3789
Not Found: /ws/waiters/
[27/Aug/2026 16:35:13] "GET /ws/waiters/ HTTP/1.1" 404 3789
[27/Aug/2026 16:35:14] "GET /api/v1/orders/seating/ HTTP/1.1" 200 574
[27/Aug/2026 16:35:15] "GET /api/v1/menu/categories/ HTTP/1.1" 200 264
[27/Aug/2026 16:35:15] "GET /api/v1/menu/items/?category=2&available=true HTTP/1.1" 200 301
[27/Aug/2026 16:35:15] "GET /api/v1/menu/items/?category=1&available=true HTTP/1.1" 200 457
Not Found: /ws/waiters/
[27/Aug/2026 16:35:16] "GET /ws/waiters/ HTTP/1.1" 404 3789
Internal Server Error: /api/v1/orders
Traceback (most recent call last):
  File "E:\Djanog test\Restaurant Pos System\restaurantenv\Lib\site-packages\django\core\handlers\exception.py", line 56, in inner
    response = get_response(request)
  File "E:\Djanog test\Restaurant Pos System\restaurantenv\Lib\site-packages\django\utils\deprecation.py", line 443, in __call__
    response = self.process_response(request, response)
  File "E:\Djanog test\Restaurant Pos System\restaurantenv\Lib\site-packages\django\middleware\common.py", line 109, in process_response
    self.get_full_path_with_slash(request)
    ~~~~~~~~~~~~~~~~~~~~~~~~~~~~~^^^^^^^^^
  File "E:\Djanog test\Restaurant Pos System\restaurantenv\Lib\site-packages\django\middleware\common.py", line 87, in get_full_path_with_slash
    raise RuntimeError(
    ...<9 lines>...
    )
RuntimeError: You called this URL via POST, but the URL doesn't end in a slash and you have APPEND_SLASH set. Django can't redirect to the slash URL while maintaining POST data. Change your form to point to 192.168.100.104:8000/api/v1/orders/ (note the trailing slash), or set APPEND_SLASH=False in your Django settings.
[27/Aug/2026 16:35:16] "POST /api/v1/orders HTTP/1.1" 500 22828
Not Found: /ws/waiters/
[27/Aug/2026 16:35:19] "GET /ws/waiters/ HTTP/1.1" 404 3789
Not Found: /ws/waiters/
[27/Aug/2026 16:35:22] "GET /ws/waiters/ HTTP/1.1" 404 3789
Not Found: /ws/waiters/
[27/Aug/2026 16:35:25] "GET /ws/waiters/ HTTP/1.1" 404 3789
Internal Server Error: /api/v1/orders
Traceback (most recent call last):
  File "E:\Djanog test\Restaurant Pos System\restaurantenv\Lib\site-packages\django\core\handlers\exception.py", line 56, in inner
    response = get_response(request)
  File "E:\Djanog test\Restaurant Pos System\restaurantenv\Lib\site-packages\django\utils\deprecation.py", line 443, in __call__
    response = self.process_response(request, response)
  File "E:\Djanog test\Restaurant Pos System\restaurantenv\Lib\site-packages\django\middleware\common.py", line 109, in process_response
    self.get_full_path_with_slash(request)
    ~~~~~~~~~~~~~~~~~~~~~~~~~~~~~^^^^^^^^^
  File "E:\Djanog test\Restaurant Pos System\restaurantenv\Lib\site-packages\django\middleware\common.py", line 87, in get_full_path_with_slash
    raise RuntimeError(
    ...<9 lines>...
    )
RuntimeError: You called this URL via POST, but the URL doesn't end in a slash and you have APPEND_SLASH set. Django can't redirect to the slash URL while maintaining POST data. Change your form to point to 192.168.100.104:8000/api/v1/orders/ (note the trailing slash), or set APPEND_SLASH=False in your Django settings.
[27/Aug/2026 16:35:25] "POST /api/v1/orders HTTP/1.1" 500 22828
Not Found: /ws/waiters/
[27/Aug/2026 16:35:28] "GET /ws/waiters/ HTTP/1.1" 404 3789
Not Found: /ws/waiters/
[27/Aug/2026 16:35:34] "GET /ws/waiters/ HTTP/1.1" 404 3789
Not Found: /ws/waiters/
[27/Aug/2026 16:35:38] "GET /ws/waiters/ HTTP/1.1" 404 3789
Not Found: /ws/waiters/
[27/Aug/2026 16:35:41] "GET /ws/waiters/ HTTP/1.1" 404 3789
Not Found: /ws/waiters/
[27/Aug/2026 16:35:44] "GET /ws/waiters/ HTTP/1.1" 404 3789
[27/Aug/2026 16:35:45] "GET /api/v1/accounts/employees/ HTTP/1.1" 200 2738
Not Found: /ws/waiters/
[27/Aug/2026 16:35:47] "GET /ws/waiters/ HTTP/1.1" 404 3789
[27/Aug/2026 16:35:47] "GET /api/v1/reports/sales/?period=today HTTP/1.1" 200 313
Not Found: /ws/waiters/
[27/Aug/2026 16:35:50] "GET /ws/waiters/ HTTP/1.1" 404 3789
[27/Aug/2026 16:35:51] "GET /api/v1/reports/sales/?period=yesterday HTTP/1.1" 200 856
[27/Aug/2026 16:35:52] "GET /api/v1/reports/sales/?period=7 HTTP/1.1" 200 3128
[27/Aug/2026 16:35:53] "GET /api/v1/reports/sales/?period=30 HTTP/1.1" 200 4209
Not Found: /ws/waiters/
[27/Aug/2026 16:35:53] "GET /ws/waiters/ HTTP/1.1" 404 3789
[27/Aug/2026 16:35:54] "GET /api/v1/reports/sales/?period=today HTTP/1.1" 200 313
[27/Aug/2026 16:35:55] "GET /api/v1/reports/sales/?period=yesterday HTTP/1.1" 200 856
[27/Aug/2026 16:35:56] "GET /api/v1/reports/sales/?period=7 HTTP/1.1" 200 3128
Not Found: /ws/waiters/
[27/Aug/2026 16:35:56] "GET /ws/waiters/ HTTP/1.1" 404 3789
[27/Aug/2026 16:35:57] "GET /api/v1/reports/sales/?period=yesterday HTTP/1.1" 200 856
[27/Aug/2026 16:35:58] "GET /api/v1/reports/sales/?period=7 HTTP/1.1" 200 3128
Not Found: /ws/waiters/
[27/Aug/2026 16:35:59] "GET /ws/waiters/ HTTP/1.1" 404 3789
[27/Aug/2026 16:36:01] "GET /api/v1/reports/sales/?period=7 HTTP/1.1" 200 3128
Not Found: /ws/waiters/
[27/Aug/2026 16:36:02] "GET /ws/waiters/ HTTP/1.1" 404 3789
Not Found: /ws/waiters/
[27/Aug/2026 16:36:05] "GET /ws/waiters/ HTTP/1.1" 404 3789
[27/Aug/2026 16:36:07] "GET /api/v1/reports/sales/?period=today HTTP/1.1" 200 313
Not Found: /ws/waiters/
[27/Aug/2026 16:36:08] "GET /ws/waiters/ HTTP/1.1" 404 3789
[27/Aug/2026 16:36:10] "GET /api/v1/reports/dashboard/ HTTP/1.1" 200 247
Not Found: /ws/waiters/
[27/Aug/2026 16:36:11] "GET /ws/waiters/ HTTP/1.1" 404 3789
Not Found: /ws/waiters/
[27/Aug/2026 16:36:14] "GET /ws/waiters/ HTTP/1.1" 404 3789
Not Found: /ws/waiters/
[27/Aug/2026 16:36:18] "GET /ws/waiters/ HTTP/1.1" 404 3789
Not Found: /ws/waiters/
[27/Aug/2026 16:36:21] "GET /ws/waiters/ HTTP/1.1" 404 3789
Not Found: /ws/waiters/
[27/Aug/2026 16:36:24] "GET /ws/waiters/ HTTP/1.1" 404 3789
[27/Aug/2026 16:36:25] "GET /api/v1/reports/sales/?period=today HTTP/1.1" 200 313
Not Found: /ws/waiters/
[27/Aug/2026 16:36:27] "GET /ws/waiters/ HTTP/1.1" 404 3789
[27/Aug/2026 16:36:27] "GET /api/v1/reports/dashboard/ HTTP/1.1" 200 247
[27/Aug/2026 16:36:30] "GET /api/v1/menu/categories/ HTTP/1.1" 200 264
[27/Aug/2026 16:36:30] "GET /api/v1/menu/items/?category=2 HTTP/1.1" 200 301
[27/Aug/2026 16:36:30] "GET /api/v1/menu/items/?category=1 HTTP/1.1" 200 457
Not Found: /ws/waiters/
[27/Aug/2026 16:36:30] "GET /ws/waiters/ HTTP/1.1" 404 3789
Not Found: /ws/waiters/
[27/Aug/2026 16:36:33] "GET /ws/waiters/ HTTP/1.1" 404 3789
[27/Aug/2026 16:36:34] "GET /api/v1/reports/sales/?period=yesterday HTTP/1.1" 200 856
[27/Aug/2026 16:36:35] "GET /api/v1/reports/sales/?period=today HTTP/1.1" 200 313
Not Found: /ws/waiters/
[27/Aug/2026 16:36:36] "GET /ws/waiters/ HTTP/1.1" 404 3789
Not Found: /ws/waiters/
[27/Aug/2026 16:36:39] "GET /ws/waiters/ HTTP/1.1" 404 3789
[27/Aug/2026 16:36:40] "GET /api/v1/reports/dashboard/ HTTP/1.1" 200 247
Not Found: /ws/waiters/
[27/Aug/2026 16:36:42] "GET /ws/waiters/ HTTP/1.1" 404 3789
Not Found: /ws/waiters/
[27/Aug/2026 16:36:45] "GET /ws/waiters/ HTTP/1.1" 404 3789
[27/Aug/2026 16:36:47] "GET /api/v1/orders/seating/ HTTP/1.1" 200 574
[27/Aug/2026 16:36:48] "GET /api/v1/menu/categories/ HTTP/1.1" 200 264
[27/Aug/2026 16:36:48] "GET /api/v1/menu/items/?category=1&available=true HTTP/1.1" 200 457
[27/Aug/2026 16:36:48] "GET /api/v1/menu/items/?category=2&available=true HTTP/1.1" 200 301
Not Found: /ws/waiters/
[27/Aug/2026 16:36:48] "GET /ws/waiters/ HTTP/1.1" 404 3789
Internal Server Error: /api/v1/orders
Traceback (most recent call last):
  File "E:\Djanog test\Restaurant Pos System\restaurantenv\Lib\site-packages\django\core\handlers\exception.py", line 56, in inner
    response = get_response(request)
  File "E:\Djanog test\Restaurant Pos System\restaurantenv\Lib\site-packages\django\utils\deprecation.py", line 443, in __call__
    response = self.process_response(request, response)
  File "E:\Djanog test\Restaurant Pos System\restaurantenv\Lib\site-packages\django\middleware\common.py", line 109, in process_response
    self.get_full_path_with_slash(request)
    ~~~~~~~~~~~~~~~~~~~~~~~~~~~~~^^^^^^^^^
  File "E:\Djanog test\Restaurant Pos System\restaurantenv\Lib\site-packages\django\middleware\common.py", line 87, in get_full_path_with_slash
    raise RuntimeError(
    ...<9 lines>...
    )
RuntimeError: You called this URL via POST, but the URL doesn't end in a slash and you have APPEND_SLASH set. Django can't redirect to the slash URL while maintaining POST data. Change your form to point to 192.168.100.104:8000/api/v1/orders/ (note the trailing slash), or set APPEND_SLASH=False in your Django settings.
[27/Aug/2026 16:36:50] "POST /api/v1/orders HTTP/1.1" 500 22828
Not Found: /ws/waiters/
[27/Aug/2026 16:36:51] "GET /ws/waiters/ HTTP/1.1" 404 3789
Not Found: /ws/waiters/
[27/Aug/2026 16:36:55] "GET /ws/waiters/ HTTP/1.1" 404 3789
Not Found: /ws/waiters/
[27/Aug/2026 16:36:58] "GET /ws/waiters/ HTTP/1.1" 404 3789
[27/Aug/2026 16:36:59] "GET /api/v1/reports/dashboard/ HTTP/1.1" 200 247
Not Found: /ws/waiters/
[27/Aug/2026 16:37:01] "GET /ws/waiters/ HTTP/1.1" 404 3789
Not Found: /ws/waiters/
[27/Aug/2026 16:37:04] "GET /ws/waiters/ HTTP/1.1" 404 3789
Not Found: /ws/waiters/
[27/Aug/2026 16:37:07] "GET /ws/waiters/ HTTP/1.1" 404 3789
[27/Aug/2026 16:37:08] "GET /api/v1/reports/dashboard/ HTTP/1.1" 200 247
Not Found: /ws/waiters/
[27/Aug/2026 16:37:10] "GET /ws/waiters/ HTTP/1.1" 404 3789
[27/Aug/2026 16:37:11] "GET /api/v1/orders/seating/ HTTP/1.1" 200 574
Not Found: /ws/waiters/
[27/Aug/2026 16:37:13] "GET /ws/waiters/ HTTP/1.1" 404 3789
[27/Aug/2026 16:37:14] "GET /api/v1/reports/dashboard/ HTTP/1.1" 200 247
Not Found: /ws/waiters/
[27/Aug/2026 16:37:16] "GET /ws/waiters/ HTTP/1.1" 404 3789
Not Found: /ws/waiters/
[27/Aug/2026 16:37:19] "GET /ws/waiters/ HTTP/1.1" 404 3789
[27/Aug/2026 16:37:22] "GET /api/v1/reports/dashboard/ HTTP/1.1" 200 247
Not Found: /ws/waiters/
[27/Aug/2026 16:37:22] "GET /ws/waiters/ HTTP/1.1" 404 3789
Not Found: /ws/waiters/
[27/Aug/2026 16:37:25] "GET /ws/waiters/ HTTP/1.1" 404 3789
Not Found: /ws/waiters/
[27/Aug/2026 16:37:28] "GET /ws/waiters/ HTTP/1.1" 404 3789
[27/Aug/2026 16:37:38] "GET /api/v1/auth/me/ HTTP/1.1" 200 251
Not Found: /ws/waiters/
[27/Aug/2026 16:37:39] "GET /ws/waiters/ HTTP/1.1" 404 3789
[27/Aug/2026 16:37:39] "GET /api/v1/reports/dashboard/ HTTP/1.1" 200 247
[27/Aug/2026 16:37:40] "GET /api/v1/orders HTTP/1.1" 301 0
[27/Aug/2026 16:37:40] "GET /api/v1/orders/ HTTP/1.1" 200 3595
Not Found: /ws/waiters/
[27/Aug/2026 16:37:42] "GET /ws/waiters/ HTTP/1.1" 404 3789
[27/Aug/2026 16:37:43] "GET /api/v1/orders/seating/ HTTP/1.1" 200 574
[27/Aug/2026 16:37:44] "GET /api/v1/menu/categories/ HTTP/1.1" 200 264
[27/Aug/2026 16:37:44] "GET /api/v1/menu/items/?category=2&available=true HTTP/1.1" 200 301
[27/Aug/2026 16:37:45] "GET /api/v1/menu/items/?category=1&available=true HTTP/1.1" 200 457
Not Found: /ws/waiters/
[27/Aug/2026 16:37:45] "GET /ws/waiters/ HTTP/1.1" 404 3789
Internal Server Error: /api/v1/orders
Traceback (most recent call last):
  File "E:\Djanog test\Restaurant Pos System\restaurantenv\Lib\site-packages\django\core\handlers\exception.py", line 56, in inner
    response = get_response(request)
  File "E:\Djanog test\Restaurant Pos System\restaurantenv\Lib\site-packages\django\utils\deprecation.py", line 443, in __call__
    response = self.process_response(request, response)
  File "E:\Djanog test\Restaurant Pos System\restaurantenv\Lib\site-packages\django\middleware\common.py", line 109, in process_response
    self.get_full_path_with_slash(request)
    ~~~~~~~~~~~~~~~~~~~~~~~~~~~~~^^^^^^^^^
  File "E:\Djanog test\Restaurant Pos System\restaurantenv\Lib\site-packages\django\middleware\common.py", line 87, in get_full_path_with_slash
    raise RuntimeError(
    ...<9 lines>...
    )
RuntimeError: You called this URL via POST, but the URL doesn't end in a slash and you have APPEND_SLASH set. Django can't redirect to the slash URL while maintaining POST data. Change your form to point to 192.168.100.104:8000/api/v1/orders/ (note the trailing slash), or set APPEND_SLASH=False in your Django settings.
[27/Aug/2026 16:37:46] "POST /api/v1/orders HTTP/1.1" 500 22828
Not Found: /ws/waiters/
[27/Aug/2026 16:37:48] "GET /ws/waiters/ HTTP/1.1" 404 3789
Not Found: /ws/waiters/
[27/Aug/2026 16:39:31] "GET /ws/waiters/ HTTP/1.1" 404 3789
Not Found: /ws/waiters/
[27/Aug/2026 16:39:34] "GET /ws/waiters/ HTTP/1.1" 404 3789
Not Found: /ws/waiters/
[27/Aug/2026 16:39:38] "GET /ws/waiters/ HTTP/1.1" 404 3789
[27/Aug/2026 16:39:39] "GET /api/v1/reports/dashboard/ HTTP/1.1" 200 247
Not Found: /ws/waiters/
[27/Aug/2026 16:39:41] "GET /ws/waiters/ HTTP/1.1" 404 3789
Not Found: /ws/waiters/
[27/Aug/2026 16:39:44] "GET /ws/waiters/ HTTP/1.1" 404 3789
Not Found: /ws/waiters/
[27/Aug/2026 16:39:47] "GET /ws/waiters/ HTTP/1.1" 404 3789
Not Found: /ws/waiters/
[27/Aug/2026 16:39:50] "GET /ws/waiters/ HTTP/1.1" 404 3789
[27/Aug/2026 16:39:50] "GET /api/v1/reports/sales/?period=today HTTP/1.1" 200 313
[27/Aug/2026 16:39:51] "GET /api/v1/orders/ HTTP/1.1" 200 3595
Not Found: /ws/waiters/
[27/Aug/2026 16:39:53] "GET /ws/waiters/ HTTP/1.1" 404 3789
[27/Aug/2026 16:39:54] "GET /api/v1/reports/sales/?period=all HTTP/1.1" 200 2780
Not Found: /ws/waiters/
[27/Aug/2026 16:39:56] "GET /ws/waiters/ HTTP/1.1" 404 3789
Not Found: /ws/waiters/
[27/Aug/2026 16:39:59] "GET /ws/waiters/ HTTP/1.1" 404 3789
[27/Aug/2026 16:40:01] "GET /api/v1/reports/sales/?period=today HTTP/1.1" 200 313
Not Found: /ws/waiters/
[27/Aug/2026 16:40:02] "GET /ws/waiters/ HTTP/1.1" 404 3789
[27/Aug/2026 16:40:02] "GET /api/v1/reports/sales/?period=7 HTTP/1.1" 200 3128
[27/Aug/2026 16:40:04] "GET /api/v1/reports/sales/?period=yesterday HTTP/1.1" 200 856
Not Found: /ws/waiters/
[27/Aug/2026 16:40:05] "GET /ws/waiters/ HTTP/1.1" 404 3789
Not Found: /ws/waiters/
[27/Aug/2026 16:40:08] "GET /ws/waiters/ HTTP/1.1" 404 3789
Not Found: /ws/waiters/
[27/Aug/2026 16:40:11] "GET /ws/waiters/ HTTP/1.1" 404 3789
Not Found: /ws/waiters/
[27/Aug/2026 16:40:14] "GET /ws/waiters/ HTTP/1.1" 404 3789
Not Found: /ws/waiters/
[27/Aug/2026 16:40:17] "GET /ws/waiters/ HTTP/1.1" 404 3789
Not Found: /ws/waiters/
[27/Aug/2026 16:40:20] "GET /ws/waiters/ HTTP/1.1" 404 3789
Not Found: /ws/waiters/
[27/Aug/2026 16:40:24] "GET /ws/waiters/ HTTP/1.1" 404 3789
Not Found: /ws/waiters/
[27/Aug/2026 16:40:27] "GET /ws/waiters/ HTTP/1.1" 404 3789
Not Found: /ws/waiters/
[27/Aug/2026 16:40:30] "GET /ws/waiters/ HTTP/1.1" 404 3789
[27/Aug/2026 16:40:56] "GET /api/v1/auth/me/ HTTP/1.1" 200 251
Not Found: /ws/waiters/
[27/Aug/2026 16:40:57] "GET /ws/waiters/ HTTP/1.1" 404 3789
[27/Aug/2026 16:40:57] "GET /api/v1/reports/dashboard/ HTTP/1.1" 200 247
[27/Aug/2026 16:40:58] "GET /api/v1/orders/ HTTP/1.1" 200 3595
Not Found: /ws/waiters/
[27/Aug/2026 16:41:00] "GET /ws/waiters/ HTTP/1.1" 404 3789
[27/Aug/2026 16:41:01] "GET /api/v1/orders/seating/ HTTP/1.1" 200 574
[27/Aug/2026 16:41:02] "GET /api/v1/menu/categories/ HTTP/1.1" 200 264
[27/Aug/2026 16:41:02] "GET /api/v1/menu/items/?category=2&available=true HTTP/1.1" 200 301
[27/Aug/2026 16:41:02] "GET /api/v1/menu/items/?category=1&available=true HTTP/1.1" 200 457
Not Found: /ws/waiters/
[27/Aug/2026 16:41:03] "GET /ws/waiters/ HTTP/1.1" 404 3789
[27/Aug/2026 16:41:04] "POST /api/v1/orders/ HTTP/1.1" 201 482
Bad Request: /api/v1/orders/21/add-items/
[27/Aug/2026 16:41:04] "POST /api/v1/orders/21/add-items/ HTTP/1.1" 400 111
Not Found: /ws/waiters/
[27/Aug/2026 16:41:06] "GET /ws/waiters/ HTTP/1.1" 404 3789
Bad Request: /api/v1/orders/
[27/Aug/2026 16:41:06] "POST /api/v1/orders/ HTTP/1.1" 400 111
Not Found: /ws/waiters/
[27/Aug/2026 16:41:09] "GET /ws/waiters/ HTTP/1.1" 404 3789
[27/Aug/2026 16:41:10] "GET /api/v1/menu/categories/ HTTP/1.1" 200 264
[27/Aug/2026 16:41:10] "GET /api/v1/menu/items/?category=2&available=true HTTP/1.1" 200 301
[27/Aug/2026 16:41:10] "GET /api/v1/menu/items/?category=1&available=true HTTP/1.1" 200 457
[27/Aug/2026 16:41:12] "POST /api/v1/orders/ HTTP/1.1" 201 482
Bad Request: /api/v1/orders/22/add-items/
[27/Aug/2026 16:41:12] "POST /api/v1/orders/22/add-items/ HTTP/1.1" 400 111
Not Found: /ws/waiters/
[27/Aug/2026 16:41:12] "GET /ws/waiters/ HTTP/1.1" 404 3789
Bad Request: /api/v1/orders/
[27/Aug/2026 16:41:13] "POST /api/v1/orders/ HTTP/1.1" 400 111
Not Found: /ws/waiters/
[27/Aug/2026 16:41:15] "GET /ws/waiters/ HTTP/1.1" 404 3789
Not Found: /ws/waiters/
[27/Aug/2026 16:41:18] "GET /ws/waiters/ HTTP/1.1" 404 3789
Not Found: /ws/waiters/
[27/Aug/2026 16:41:21] "GET /ws/waiters/ HTTP/1.1" 404 3789
Not Found: /ws/waiters/
[27/Aug/2026 16:41:24] "GET /ws/waiters/ HTTP/1.1" 404 3789
Not Found: /ws/waiters/
[27/Aug/2026 16:41:27] "GET /ws/waiters/ HTTP/1.1" 404 3789
Not Found: /ws/waiters/
[27/Aug/2026 16:41:31] "GET /ws/waiters/ HTTP/1.1" 404 3789
Not Found: /ws/waiters/
[27/Aug/2026 16:41:35] "GET /ws/waiters/ HTTP/1.1" 404 3789
Not Found: /ws/waiters/
[27/Aug/2026 16:41:38] "GET /ws/waiters/ HTTP/1.1" 404 3789
Not Found: /ws/waiters/
[27/Aug/2026 16:41:41] "GET /ws/waiters/ HTTP/1.1" 404 3789
Not Found: /ws/waiters/
[27/Aug/2026 16:41:44] "GET /ws/waiters/ HTTP/1.1" 404 3789
Not Found: /ws/waiters/
[27/Aug/2026 16:41:47] "GET /ws/waiters/ HTTP/1.1" 404 3789
Not Found: /ws/waiters/
[27/Aug/2026 16:41:50] "GET /ws/waiters/ HTTP/1.1" 404 3789
Not Found: /ws/waiters/
[27/Aug/2026 16:41:53] "GET /ws/waiters/ HTTP/1.1" 404 3789
Not Found: /ws/waiters/
[27/Aug/2026 16:41:56] "GET /ws/waiters/ HTTP/1.1" 404 3789
Not Found: /ws/waiters/
[27/Aug/2026 16:41:59] "GET /ws/waiters/ HTTP/1.1" 404 3789
Not Found: /ws/waiters/
[27/Aug/2026 16:42:02] "GET /ws/waiters/ HTTP/1.1" 404 3789
[27/Aug/2026 16:42:05] "GET /api/v1/menu/categories/ HTTP/1.1" 200 264
[27/Aug/2026 16:42:05] "GET /api/v1/menu/items/?category=2 HTTP/1.1" 200 301
[27/Aug/2026 16:42:05] "GET /api/v1/menu/items/?category=1 HTTP/1.1" 200 457
Not Found: /ws/waiters/
[27/Aug/2026 16:42:05] "GET /ws/waiters/ HTTP/1.1" 404 3789
Not Found: /ws/waiters/
[27/Aug/2026 16:42:08] "GET /ws/waiters/ HTTP/1.1" 404 3789
[27/Aug/2026 16:42:10] "GET /api/v1/delivery/ HTTP/1.1" 200 689
Not Found: /ws/waiters/
[27/Aug/2026 16:42:12] "GET /ws/waiters/ HTTP/1.1" 404 3789
[27/Aug/2026 16:42:13] "GET /api/v1/delivery/ HTTP/1.1" 200 689
Not Found: /ws/waiters/
[27/Aug/2026 16:42:15] "GET /ws/waiters/ HTTP/1.1" 404 3789
[27/Aug/2026 16:42:16] "GET /api/v1/reports/sales/?period=today HTTP/1.1" 200 313
Not Found: /ws/waiters/
[27/Aug/2026 16:42:18] "GET /ws/waiters/ HTTP/1.1" 404 3789
[27/Aug/2026 16:42:19] "GET /api/v1/accounts/employees/ HTTP/1.1" 200 2738
Not Found: /ws/waiters/
[27/Aug/2026 16:42:21] "GET /ws/waiters/ HTTP/1.1" 404 3789
[27/Aug/2026 16:42:23] "GET /api/v1/reports/dashboard/ HTTP/1.1" 200 247
Not Found: /ws/waiters/
[27/Aug/2026 16:42:24] "GET /ws/waiters/ HTTP/1.1" 404 3789
[27/Aug/2026 16:42:25] "GET /api/v1/reports/dashboard/ HTTP/1.1" 200 247
[27/Aug/2026 16:42:27] "GET /api/v1/menu/categories/ HTTP/1.1" 200 264
[27/Aug/2026 16:42:27] "GET /api/v1/menu/items/?category=2&available=true HTTP/1.1" 200 301
[27/Aug/2026 16:42:27] "GET /api/v1/menu/items/?category=1&available=true HTTP/1.1" 200 457
Not Found: /ws/waiters/
[27/Aug/2026 16:42:27] "GET /ws/waiters/ HTTP/1.1" 404 3789
Bad Request: /api/v1/orders/
[27/Aug/2026 16:42:29] "POST /api/v1/orders/ HTTP/1.1" 400 111
Not Found: /ws/waiters/
[27/Aug/2026 16:42:30] "GET /ws/waiters/ HTTP/1.1" 404 3789
[27/Aug/2026 16:42:32] "GET /api/v1/menu/categories/ HTTP/1.1" 200 264
[27/Aug/2026 16:42:32] "GET /api/v1/menu/items/?category=2&available=true HTTP/1.1" 200 301
[27/Aug/2026 16:42:32] "GET /api/v1/menu/items/?category=1&available=true HTTP/1.1" 200 457
Not Found: /ws/waiters/
[27/Aug/2026 16:42:33] "GET /ws/waiters/ HTTP/1.1" 404 3789
Bad Request: /api/v1/orders/
[27/Aug/2026 16:42:33] "POST /api/v1/orders/ HTTP/1.1" 400 111
Not Found: /ws/waiters/
[27/Aug/2026 16:42:36] "GET /ws/waiters/ HTTP/1.1" 404 3789
[27/Aug/2026 16:42:37] "GET /api/v1/menu/categories/ HTTP/1.1" 200 264
[27/Aug/2026 16:42:37] "GET /api/v1/menu/items/?category=2&available=true HTTP/1.1" 200 301
[27/Aug/2026 16:42:37] "GET /api/v1/menu/items/?category=1&available=true HTTP/1.1" 200 457
Bad Request: /api/v1/orders/
[27/Aug/2026 16:42:39] "POST /api/v1/orders/ HTTP/1.1" 400 111
Not Found: /ws/waiters/
[27/Aug/2026 16:42:39] "GET /ws/waiters/ HTTP/1.1" 404 3789
Not Found: /ws/waiters/
[27/Aug/2026 16:42:42] "GET /ws/waiters/ HTTP/1.1" 404 3789
[27/Aug/2026 16:42:44] "GET /api/v1/reports/dashboard/ HTTP/1.1" 200 247
[27/Aug/2026 16:42:45] "GET /api/v1/orders/ HTTP/1.1" 200 4400
Not Found: /ws/waiters/
[27/Aug/2026 16:42:45] "GET /ws/waiters/ HTTP/1.1" 404 3789
[27/Aug/2026 16:42:48] "GET /api/v1/orders/?status=OPEN HTTP/1.1" 200 855
Not Found: /ws/waiters/
[27/Aug/2026 16:42:48] "GET /ws/waiters/ HTTP/1.1" 404 3789
[27/Aug/2026 16:42:49] "GET /api/v1/orders/?status=PREPARING HTTP/1.1" 200 52
[27/Aug/2026 16:42:49] "GET /api/v1/orders/ HTTP/1.1" 200 4400
[27/Aug/2026 16:42:50] "GET /api/v1/orders/?status=OPEN HTTP/1.1" 200 855
[27/Aug/2026 16:42:50] "GET /api/v1/orders/ HTTP/1.1" 200 4400
Not Found: /ws/waiters/
[27/Aug/2026 16:42:51] "GET /ws/waiters/ HTTP/1.1" 404 3789
[27/Aug/2026 16:42:52] "GET /api/v1/reports/dashboard/ HTTP/1.1" 200 247
Not Found: /ws/waiters/
[27/Aug/2026 16:42:54] "GET /ws/waiters/ HTTP/1.1" 404 3789
Not Found: /ws/waiters/
[27/Aug/2026 16:42:58] "GET /ws/waiters/ HTTP/1.1" 404 3789
Not Found: /ws/waiters/
[27/Aug/2026 16:43:01] "GET /ws/waiters/ HTTP/1.1" 404 3789
Not Found: /ws/waiters/
[27/Aug/2026 16:43:04] "GET /ws/waiters/ HTTP/1.1" 404 3789
Not Found: /ws/waiters/
[27/Aug/2026 16:43:07] "GET /ws/waiters/ HTTP/1.1" 404 3789
Not Found: /ws/waiters/
[27/Aug/2026 16:43:10] "GET /ws/waiters/ HTTP/1.1" 404 3789
Not Found: /ws/waiters/
[27/Aug/2026 16:43:14] "GET /ws/waiters/ HTTP/1.1" 404 3789
Not Found: /ws/waiters/
[27/Aug/2026 16:43:17] "GET /ws/waiters/ HTTP/1.1" 404 3789
Not Found: /ws/waiters/
[27/Aug/2026 16:43:20] "GET /ws/waiters/ HTTP/1.1" 404 3789
Not Found: /ws/waiters/
[27/Aug/2026 16:43:23] "GET /ws/waiters/ HTTP/1.1" 404 3789
Not Found: /ws/waiters/
[27/Aug/2026 16:43:27] "GET /ws/waiters/ HTTP/1.1" 404 3789
Not Found: /ws/waiters/
[27/Aug/2026 16:43:31] "GET /ws/waiters/ HTTP/1.1" 404 3789
[27/Aug/2026 16:43:46] "GET /api/v1/auth/me/ HTTP/1.1" 200 251
Not Found: /ws/waiters/
[27/Aug/2026 16:43:47] "GET /ws/waiters/ HTTP/1.1" 404 3789
[27/Aug/2026 16:43:48] "GET /api/v1/reports/dashboard/ HTTP/1.1" 200 247
Not Found: /ws/waiters/
[27/Aug/2026 16:43:51] "GET /ws/waiters/ HTTP/1.1" 404 3789
Not Found: /ws/waiters/
[27/Aug/2026 16:43:54] "GET /ws/waiters/ HTTP/1.1" 404 3789
Not Found: /ws/waiters/
[27/Aug/2026 16:43:57] "GET /ws/waiters/ HTTP/1.1" 404 3789
[27/Aug/2026 16:43:59] "GET /api/v1/reports/dashboard/ HTTP/1.1" 200 247
Not Found: /ws/waiters/
[27/Aug/2026 16:44:00] "GET /ws/waiters/ HTTP/1.1" 404 3789
[27/Aug/2026 16:44:02] "GET /api/v1/orders/ HTTP/1.1" 200 4400
Not Found: /ws/waiters/
[27/Aug/2026 16:44:03] "GET /ws/waiters/ HTTP/1.1" 404 3789
Not Found: /ws/waiters/
[27/Aug/2026 16:44:07] "GET /ws/waiters/ HTTP/1.1" 404 3789
Not Found: /ws/waiters/
[27/Aug/2026 16:44:10] "GET /ws/waiters/ HTTP/1.1" 404 3789
Not Found: /ws/waiters/
[27/Aug/2026 16:44:13] "GET /ws/waiters/ HTTP/1.1" 404 3789
[27/Aug/2026 16:44:15] "GET /api/v1/menu/categories/ HTTP/1.1" 200 264
Not Found: /ws/waiters/
[27/Aug/2026 16:44:16] "GET /ws/waiters/ HTTP/1.1" 404 3789
Not Found: /ws/waiters/
[27/Aug/2026 16:44:19] "GET /ws/waiters/ HTTP/1.1" 404 3789
[27/Aug/2026 16:44:20] "GET /api/v1/reports/dashboard/ HTTP/1.1" 200 247
Not Found: /ws/waiters/
[27/Aug/2026 16:44:22] "GET /ws/waiters/ HTTP/1.1" 404 3789
Not Found: /ws/waiters/
[27/Aug/2026 16:44:25] "GET /ws/waiters/ HTTP/1.1" 404 3789
Not Found: /ws/waiters/
[27/Aug/2026 16:44:28] "GET /ws/waiters/ HTTP/1.1" 404 3789
Not Found: /ws/waiters/
[27/Aug/2026 16:44:32] "GET /ws/waiters/ HTTP/1.1" 404 3789
Not Found: /ws/waiters/
[27/Aug/2026 16:44:35] "GET /ws/waiters/ HTTP/1.1" 404 3789
Not Found: /ws/waiters/
[27/Aug/2026 16:44:39] "GET /ws/waiters/ HTTP/1.1" 404 3789
Not Found: /ws/waiters/
[27/Aug/2026 16:44:42] "GET /ws/waiters/ HTTP/1.1" 404 3789
Not Found: /ws/waiters/
[27/Aug/2026 16:44:45] "GET /ws/waiters/ HTTP/1.1" 404 3789
Not Found: /ws/waiters/
[27/Aug/2026 16:44:48] "GET /ws/waiters/ HTTP/1.1" 404 3789
Not Found: /ws/waiters/
[27/Aug/2026 16:44:51] "GET /ws/waiters/ HTTP/1.1" 404 3789
Not Found: /ws/waiters/
[27/Aug/2026 16:44:54] "GET /ws/waiters/ HTTP/1.1" 404 3789
Not Found: /ws/waiters/
[27/Aug/2026 16:44:57] "GET /ws/waiters/ HTTP/1.1" 404 3789
Not Found: /ws/waiters/
[27/Aug/2026 16:45:00] "GET /ws/waiters/ HTTP/1.1" 404 3789
Not Found: /ws/waiters/
[27/Aug/2026 16:45:03] "GET /ws/waiters/ HTTP/1.1" 404 3789
Not Found: /ws/waiters/
[27/Aug/2026 16:45:06] "GET /ws/waiters/ HTTP/1.1" 404 3789
Not Found: /ws/waiters/
[27/Aug/2026 16:45:09] "GET /ws/waiters/ HTTP/1.1" 404 3789
Not Found: /ws/waiters/
[27/Aug/2026 16:45:12] "GET /ws/waiters/ HTTP/1.1" 404 3789
Not Found: /ws/waiters/
[27/Aug/2026 16:45:15] "GET /ws/waiters/ HTTP/1.1" 404 3789
Not Found: /ws/waiters/
[27/Aug/2026 16:45:18] "GET /ws/waiters/ HTTP/1.1" 404 3789
Not Found: /ws/waiters/
[27/Aug/2026 16:45:21] "GET /ws/waiters/ HTTP/1.1" 404 3789
Not Found: /ws/waiters/
[27/Aug/2026 16:45:24] "GET /ws/waiters/ HTTP/1.1" 404 3789
Not Found: /ws/waiters/
[27/Aug/2026 16:45:28] "GET /ws/waiters/ HTTP/1.1" 404 3789
Not Found: /ws/waiters/
[27/Aug/2026 16:45:31] "GET /ws/waiters/ HTTP/1.1" 404 3789
Not Found: /ws/waiters/
[27/Aug/2026 16:45:34] "GET /ws/waiters/ HTTP/1.1" 404 3789
Not Found: /ws/waiters/
[27/Aug/2026 16:45:37] "GET /ws/waiters/ HTTP/1.1" 404 3789
Not Found: /ws/waiters/
[27/Aug/2026 16:45:40] "GET /ws/waiters/ HTTP/1.1" 404 3789
Not Found: /ws/waiters/
[27/Aug/2026 16:45:43] "GET /ws/waiters/ HTTP/1.1" 404 3789
Not Found: /ws/waiters/
[27/Aug/2026 16:45:46] "GET /ws/waiters/ HTTP/1.1" 404 3789
Not Found: /ws/waiters/
[27/Aug/2026 16:45:49] "GET /ws/waiters/ HTTP/1.1" 404 3789
Not Found: /ws/waiters/
[27/Aug/2026 16:45:52] "GET /ws/waiters/ HTTP/1.1" 404 3789
Not Found: /ws/waiters/
[27/Aug/2026 16:45:55] "GET /ws/waiters/ HTTP/1.1" 404 3789
Not Found: /ws/waiters/
[27/Aug/2026 16:45:58] "GET /ws/waiters/ HTTP/1.1" 404 3789
Not Found: /ws/waiters/
[27/Aug/2026 16:46:01] "GET /ws/waiters/ HTTP/1.1" 404 3789
Not Found: /ws/waiters/
[27/Aug/2026 16:46:04] "GET /ws/waiters/ HTTP/1.1" 404 3789
Not Found: /ws/waiters/
[27/Aug/2026 16:46:07] "GET /ws/waiters/ HTTP/1.1" 404 3789
Not Found: /ws/waiters/
[27/Aug/2026 16:46:10] "GET /ws/waiters/ HTTP/1.1" 404 3789
Not Found: /ws/waiters/
[27/Aug/2026 16:46:14] "GET /ws/waiters/ HTTP/1.1" 404 3789
Not Found: /ws/waiters/
[27/Aug/2026 16:46:17] "GET /ws/waiters/ HTTP/1.1" 404 3789
Not Found: /ws/waiters/
[27/Aug/2026 16:46:20] "GET /ws/waiters/ HTTP/1.1" 404 3789
Not Found: /ws/waiters/
[27/Aug/2026 16:46:23] "GET /ws/waiters/ HTTP/1.1" 404 3789
Not Found: /ws/waiters/
[27/Aug/2026 16:46:26] "GET /ws/waiters/ HTTP/1.1" 404 3789
Not Found: /ws/waiters/
[27/Aug/2026 16:46:29] "GET /ws/waiters/ HTTP/1.1" 404 3789
Not Found: /ws/waiters/
[27/Aug/2026 16:46:32] "GET /ws/waiters/ HTTP/1.1" 404 3789
Not Found: /ws/waiters/
[27/Aug/2026 16:46:35] "GET /ws/waiters/ HTTP/1.1" 404 3789
Not Found: /ws/waiters/
[27/Aug/2026 16:46:38] "GET /ws/waiters/ HTTP/1.1" 404 3789
Not Found: /ws/waiters/
[27/Aug/2026 16:46:41] "GET /ws/waiters/ HTTP/1.1" 404 3789
Not Found: /ws/waiters/
[27/Aug/2026 16:46:44] "GET /ws/waiters/ HTTP/1.1" 404 3789
Not Found: /ws/waiters/
[27/Aug/2026 16:46:47] "GET /ws/waiters/ HTTP/1.1" 404 3789
E:\Djanog test\Restaurant Pos System\config\orders\api\views.py changed, reloading.
Watching for file changes with StatReloader
E:\Djanog test\Restaurant Pos System\config\orders\api\views.py changed, reloading.
Watching for file changes with StatReloader
E:\Djanog test\Restaurant Pos System\config\orders\api\views.py changed, reloading.
Watching for file changes with StatReloader
E:\Djanog test\Restaurant Pos System\config\orders\api\views.py changed, reloading.
Watching for file changes with StatReloader
[27/Aug/2026 16:54:16] "GET /api/v1/auth/me/ HTTP/1.1" 200 251
Not Found: /ws/waiters/
[27/Aug/2026 16:54:17] "GET /ws/waiters/ HTTP/1.1" 404 3789
[27/Aug/2026 16:54:17] "GET /api/v1/reports/dashboard/ HTTP/1.1" 200 247
[27/Aug/2026 16:54:19] "GET /api/v1/orders/ HTTP/1.1" 200 4410
Not Found: /ws/waiters/
[27/Aug/2026 16:54:20] "GET /ws/waiters/ HTTP/1.1" 404 3789
[27/Aug/2026 16:54:23] "GET /api/v1/orders/seating/ HTTP/1.1" 200 574
Not Found: /ws/waiters/
[27/Aug/2026 16:54:23] "GET /ws/waiters/ HTTP/1.1" 404 3789
[27/Aug/2026 16:54:23] "GET /api/v1/orders/seating/ HTTP/1.1" 200 574
[27/Aug/2026 16:54:26] "GET /api/v1/menu/categories/ HTTP/1.1" 200 264
Not Found: /ws/waiters/
[27/Aug/2026 16:54:26] "GET /ws/waiters/ HTTP/1.1" 404 3789
[27/Aug/2026 16:54:26] "GET /api/v1/menu/items/?category=2&available=true HTTP/1.1" 200 301
[27/Aug/2026 16:54:26] "GET /api/v1/menu/items/?category=1&available=true HTTP/1.1" 200 457
[27/Aug/2026 16:54:28] "POST /api/v1/orders/ HTTP/1.1" 201 482
Bad Request: /api/v1/orders/23/add-items/
[27/Aug/2026 16:54:29] "POST /api/v1/orders/23/add-items/ HTTP/1.1" 400 126
[27/Aug/2026 16:54:29] "DELETE /api/v1/orders/23/ HTTP/1.1" 200 489
Not Found: /ws/waiters/
[27/Aug/2026 16:54:29] "GET /ws/waiters/ HTTP/1.1" 404 3789
Not Found: /ws/waiters/
[27/Aug/2026 16:54:32] "GET /ws/waiters/ HTTP/1.1" 404 3789
[27/Aug/2026 16:54:34] "POST /api/v1/orders/ HTTP/1.1" 201 482
Bad Request: /api/v1/orders/24/add-items/
[27/Aug/2026 16:54:35] "POST /api/v1/orders/24/add-items/ HTTP/1.1" 400 203
[27/Aug/2026 16:54:35] "DELETE /api/v1/orders/24/ HTTP/1.1" 200 489
Not Found: /ws/waiters/
[27/Aug/2026 16:54:35] "GET /ws/waiters/ HTTP/1.1" 404 3789
[27/Aug/2026 16:54:38] "POST /api/v1/orders/ HTTP/1.1" 201 482
Bad Request: /api/v1/orders/25/add-items/
[27/Aug/2026 16:54:38] "POST /api/v1/orders/25/add-items/ HTTP/1.1" 400 203
[27/Aug/2026 16:54:38] "DELETE /api/v1/orders/25/ HTTP/1.1" 200 489
Not Found: /ws/waiters/
[27/Aug/2026 16:54:38] "GET /ws/waiters/ HTTP/1.1" 404 3789
Not Found: /ws/waiters/
[27/Aug/2026 16:54:42] "GET /ws/waiters/ HTTP/1.1" 404 3789
[27/Aug/2026 16:54:43] "GET /api/v1/reports/dashboard/ HTTP/1.1" 200 247
Not Found: /ws/waiters/
[27/Aug/2026 16:54:45] "GET /ws/waiters/ HTTP/1.1" 404 3789
Not Found: /ws/waiters/
[27/Aug/2026 16:54:48] "GET /ws/waiters/ HTTP/1.1" 404 3789
Not Found: /ws/waiters/
[27/Aug/2026 16:54:51] "GET /ws/waiters/ HTTP/1.1" 404 3789
[27/Aug/2026 16:54:52] "GET /api/v1/reports/dashboard/ HTTP/1.1" 200 247
Not Found: /ws/waiters/
[27/Aug/2026 16:54:54] "GET /ws/waiters/ HTTP/1.1" 404 3789
[27/Aug/2026 16:54:54] "GET /api/v1/reports/dashboard/ HTTP/1.1" 200 247
Not Found: /ws/waiters/
[27/Aug/2026 16:54:57] "GET /ws/waiters/ HTTP/1.1" 404 3789
Not Found: /ws/waiters/
[27/Aug/2026 16:55:00] "GET /ws/waiters/ HTTP/1.1" 404 3789
Not Found: /ws/waiters/
[27/Aug/2026 16:55:03] "GET /ws/waiters/ HTTP/1.1" 404 3789
Not Found: /ws/waiters/
[27/Aug/2026 16:55:06] "GET /ws/waiters/ HTTP/1.1" 404 3789
Not Found: /ws/waiters/
[27/Aug/2026 16:55:09] "GET /ws/waiters/ HTTP/1.1" 404 3789
Not Found: /ws/waiters/
[27/Aug/2026 16:55:12] "GET /ws/waiters/ HTTP/1.1" 404 3789
Not Found: /ws/waiters/
[27/Aug/2026 16:55:16] "GET /ws/waiters/ HTTP/1.1" 404 3789
Not Found: /ws/waiters/
[27/Aug/2026 16:55:19] "GET /ws/waiters/ HTTP/1.1" 404 3789
Not Found: /ws/waiters/
[27/Aug/2026 16:55:22] "GET /ws/waiters/ HTTP/1.1" 404 3789
Not Found: /ws/waiters/
[27/Aug/2026 16:55:25] "GET /ws/waiters/ HTTP/1.1" 404 3789
E:\Djanog test\Restaurant Pos System\config\orders\api\serializers.py changed, reloading.
Watching for file changes with StatReloader
Not Found: /ws/waiters/
[27/Aug/2026 16:57:49] "GET /ws/waiters/ HTTP/1.1" 404 3789
[27/Aug/2026 16:57:49] "GET /api/v1/menu/categories/ HTTP/1.1" 200 264
[27/Aug/2026 16:57:49] "GET /api/v1/menu/items/?category=2&available=true HTTP/1.1" 200 301
[27/Aug/2026 16:57:49] "GET /api/v1/menu/items/?category=1&available=true HTTP/1.1" 200 457
[27/Aug/2026 16:58:00] "GET /api/v1/auth/me/ HTTP/1.1" 200 251
Not Found: /ws/waiters/
[27/Aug/2026 16:58:01] "GET /ws/waiters/ HTTP/1.1" 404 3789
[27/Aug/2026 16:58:02] "GET /api/v1/reports/dashboard/ HTTP/1.1" 200 247
[27/Aug/2026 16:58:03] "GET /api/v1/orders/ HTTP/1.1" 200 5631
Not Found: /ws/waiters/
[27/Aug/2026 16:58:05] "GET /ws/waiters/ HTTP/1.1" 404 3789
Not Found: /ws/waiters/
[27/Aug/2026 16:58:08] "GET /ws/waiters/ HTTP/1.1" 404 3789
Not Found: /ws/waiters/
[27/Aug/2026 16:58:11] "GET /ws/waiters/ HTTP/1.1" 404 3789
[27/Aug/2026 16:58:13] "GET /api/v1/orders/seating/ HTTP/1.1" 200 574
[27/Aug/2026 16:58:13] "GET /api/v1/orders/seating/ HTTP/1.1" 200 574
Not Found: /ws/waiters/
[27/Aug/2026 16:58:14] "GET /ws/waiters/ HTTP/1.1" 404 3789
[27/Aug/2026 16:58:14] "GET /api/v1/menu/categories/ HTTP/1.1" 200 264
[27/Aug/2026 16:58:14] "GET /api/v1/menu/items/?category=2&available=true HTTP/1.1" 200 301
[27/Aug/2026 16:58:14] "GET /api/v1/menu/items/?category=1&available=true HTTP/1.1" 200 457
[27/Aug/2026 16:58:16] "POST /api/v1/orders/ HTTP/1.1" 201 482
[27/Aug/2026 16:58:16] "POST /api/v1/orders/28/add-items/ HTTP/1.1" 201 136
Not Found: /ws/waiters/
[27/Aug/2026 16:58:17] "GET /ws/waiters/ HTTP/1.1" 404 3789
[27/Aug/2026 16:58:19] "GET /api/v1/orders/28/ HTTP/1.1" 200 795
Not Found: /ws/waiters/
[27/Aug/2026 16:58:20] "GET /ws/waiters/ HTTP/1.1" 404 3789
Not Found: /ws/waiters/
[27/Aug/2026 16:58:23] "GET /ws/waiters/ HTTP/1.1" 404 3789
[27/Aug/2026 16:58:24] "GET /api/v1/orders/ HTTP/1.1" 200 6037
Not Found: /ws/waiters/
[27/Aug/2026 16:58:26] "GET /ws/waiters/ HTTP/1.1" 404 3789
[27/Aug/2026 16:58:27] "GET /api/v1/reports/dashboard/ HTTP/1.1" 200 247
[27/Aug/2026 16:58:28] "GET /api/v1/orders/ HTTP/1.1" 200 6037
Not Found: /ws/waiters/
[27/Aug/2026 16:58:29] "GET /ws/waiters/ HTTP/1.1" 404 3789
[27/Aug/2026 16:58:30] "GET /api/v1/orders/28/ HTTP/1.1" 200 795
Not Found: /ws/waiters/
[27/Aug/2026 16:58:32] "GET /ws/waiters/ HTTP/1.1" 404 3789
Not Found: /ws/waiters/
[27/Aug/2026 16:58:35] "GET /ws/waiters/ HTTP/1.1" 404 3789
[27/Aug/2026 16:58:37] "POST /api/v1/orders/28/payment/ HTTP/1.1" 200 896
Not Found: /ws/waiters/
[27/Aug/2026 16:58:38] "GET /ws/waiters/ HTTP/1.1" 404 3789
[27/Aug/2026 16:58:41] "GET /api/v1/reports/dashboard/ HTTP/1.1" 200 252
Not Found: /ws/waiters/
[27/Aug/2026 16:58:41] "GET /ws/waiters/ HTTP/1.1" 404 3789
Not Found: /ws/waiters/
[27/Aug/2026 16:58:45] "GET /ws/waiters/ HTTP/1.1" 404 3789
Not Found: /ws/waiters/
[27/Aug/2026 16:58:48] "GET /ws/waiters/ HTTP/1.1" 404 3789
[27/Aug/2026 16:58:50] "GET /api/v1/reports/dashboard/ HTTP/1.1" 200 252
Not Found: /ws/waiters/
[27/Aug/2026 16:58:51] "GET /ws/waiters/ HTTP/1.1" 404 3789
Not Found: /ws/waiters/
[27/Aug/2026 16:58:54] "GET /ws/waiters/ HTTP/1.1" 404 3789
Not Found: /ws/waiters/
[27/Aug/2026 16:58:57] "GET /ws/waiters/ HTTP/1.1" 404 3789
[27/Aug/2026 16:58:58] "GET /api/v1/orders/ HTTP/1.1" 200 6067
Not Found: /ws/waiters/
[27/Aug/2026 16:59:00] "GET /ws/waiters/ HTTP/1.1" 404 3789
Not Found: /ws/waiters/
[27/Aug/2026 16:59:03] "GET /ws/waiters/ HTTP/1.1" 404 3789
Not Found: /ws/waiters/
[27/Aug/2026 16:59:06] "GET /ws/waiters/ HTTP/1.1" 404 3789
[27/Aug/2026 16:59:08] "GET /api/v1/orders/25/ HTTP/1.1" 200 430
Not Found: /ws/waiters/
[27/Aug/2026 16:59:09] "GET /ws/waiters/ HTTP/1.1" 404 3789
[27/Aug/2026 16:59:11] "GET /api/v1/orders/28/ HTTP/1.1" 200 825
Not Found: /ws/waiters/
[27/Aug/2026 16:59:12] "GET /ws/waiters/ HTTP/1.1" 404 3789
Not Found: /ws/waiters/
[27/Aug/2026 16:59:15] "GET /ws/waiters/ HTTP/1.1" 404 3789
[27/Aug/2026 16:59:16] "GET /api/v1/reports/sales/?period=today HTTP/1.1" 200 844
Not Found: /ws/waiters/
[27/Aug/2026 16:59:18] "GET /ws/waiters/ HTTP/1.1" 404 3789
Not Found: /ws/waiters/
[27/Aug/2026 16:59:21] "GET /ws/waiters/ HTTP/1.1" 404 3789
[27/Aug/2026 16:59:24] "GET /api/v1/orders/ HTTP/1.1" 200 6067
[27/Aug/2026 16:59:24] "GET /api/v1/orders/?status=OPEN HTTP/1.1" 200 52
Not Found: /ws/waiters/
[27/Aug/2026 16:59:25] "GET /ws/waiters/ HTTP/1.1" 404 3789
[27/Aug/2026 16:59:25] "GET /api/v1/orders/?status=PREPARING HTTP/1.1" 200 52
[27/Aug/2026 16:59:26] "GET /api/v1/orders/?status=READY HTTP/1.1" 200 52
[27/Aug/2026 16:59:26] "GET /api/v1/orders/?status=SERVED HTTP/1.1" 200 52
[27/Aug/2026 16:59:27] "GET /api/v1/orders/?status=OPEN HTTP/1.1" 200 52
[27/Aug/2026 16:59:27] "GET /api/v1/orders/ HTTP/1.1" 200 6067
Not Found: /ws/waiters/
[27/Aug/2026 16:59:28] "GET /ws/waiters/ HTTP/1.1" 404 3789
Not Found: /ws/waiters/
[27/Aug/2026 16:59:31] "GET /ws/waiters/ HTTP/1.1" 404 3789
Not Found: /ws/waiters/
[27/Aug/2026 16:59:34] "GET /ws/waiters/ HTTP/1.1" 404 3789
Not Found: /ws/waiters/
[27/Aug/2026 16:59:37] "GET /ws/waiters/ HTTP/1.1" 404 3789
[27/Aug/2026 16:59:38] "GET /api/v1/reports/dashboard/ HTTP/1.1" 200 252
